    0.000000] Linux version 6.8.11-amd64 (devel@kali.org) (x86_64-linux-gnu-gcc-13 (Debian 13.2.0-25) 13.2.0, GNU ld (GNU Binutils for Debian) 2.42) #1 SMP PREEMPT_DYNAMIC Kali 6.8.11-1kali2 (2024-05-30)
[    0.000000] Command line: BOOT_IMAGE=/boot/vmlinuz-6.8.11-amd64 root=UUID=e7b9af3e-e0a4-42a6-8662-5190b7a6ebdf ro quiet splash usbcore.autosuspend=-1
[    0.000000] BIOS-provided physical RAM map:
[    0.000000] BIOS-e820: [mem 0x0000000000000000-0x0000000000057fff] usable
[    0.000000] BIOS-e820: [mem 0x0000000000058000-0x0000000000058fff] reserved
[    0.000000] BIOS-e820: [mem 0x0000000000059000-0x000000000009dfff] usable
[    0.000000] BIOS-e820: [mem 0x000000000009e000-0x00000000000fffff] reserved
[    0.000000] BIOS-e820: [mem 0x0000000000100000-0x0000000073dcdfff] usable
[    0.000000] BIOS-e820: [mem 0x0000000073dce000-0x0000000073fcffff] reserved
[    0.000000] BIOS-e820: [mem 0x0000000073fd0000-0x0000000074cc4fff] usable
[    0.000000] BIOS-e820: [mem 0x0000000074cc5000-0x0000000074cc5fff] ACPI NVS
[    0.000000] BIOS-e820: [mem 0x0000000074cc6000-0x0000000074cc6fff] reserved
[    0.000000] BIOS-e820: [mem 0x0000000074cc7000-0x0000000074f4dfff] usable
[    0.000000] BIOS-e820: [mem 0x0000000074f4e000-0x0000000074f4efff] reserved
[    0.000000] BIOS-e820: [mem 0x0000000074f4f000-0x000000007ab9efff] usable
[    0.000000] BIOS-e820: [mem 0x000000007ab9f000-0x000000007af2efff] reserved
[    0.000000] BIOS-e820: [mem 0x000000007af2f000-0x000000007af7efff] ACPI NVS
[    0.000000] BIOS-e820: [mem 0x000000007af7f000-0x000000007affefff] ACPI data
[    0.000000] BIOS-e820: [mem 0x000000007afff000-0x000000007affffff] usable
[    0.000000] BIOS-e820: [mem 0x000000007b000000-0x000000007fffffff] reserved
[    0.000000] BIOS-e820: [mem 0x00000000e0000000-0x00000000efffffff] reserved
[    0.000000] BIOS-e820: [mem 0x00000000fe010000-0x00000000fe010fff] reserved
[    0.000000] BIOS-e820: [mem 0x00000000ff939000-0x00000000ff968fff] reserved
[    0.000000] BIOS-e820: [mem 0x0000000100000000-0x000000047effffff] usable
[    0.000000] NX (Execute Disable) protection: active
[    0.000000] APIC: Static calls initialized
[    0.000000] e820: update [mem 0x718ca018-0x718d9257] usable ==> usable
[    0.000000] e820: update [mem 0x718ca018-0x718d9257] usable ==> usable
[    0.000000] e820: update [mem 0x718b8018-0x718c9747] usable ==> usable
[    0.000000] e820: update [mem 0x718b8018-0x718c9747] usable ==> usable
[    0.000000] extended physical RAM map:
[    0.000000] reserve setup_data: [mem 0x0000000000000000-0x0000000000057fff] usable
[    0.000000] reserve setup_data: [mem 0x0000000000058000-0x0000000000058fff] reserved
[    0.000000] reserve setup_data: [mem 0x0000000000059000-0x000000000009dfff] usable
[    0.000000] reserve setup_data: [mem 0x000000000009e000-0x00000000000fffff] reserved
[    0.000000] reserve setup_data: [mem 0x0000000000100000-0x00000000718b8017] usable
[    0.000000] reserve setup_data: [mem 0x00000000718b8018-0x00000000718c9747] usable
[    0.000000] reserve setup_data: [mem 0x00000000718c9748-0x00000000718ca017] usable
[    0.000000] reserve setup_data: [mem 0x00000000718ca018-0x00000000718d9257] usable
[    0.000000] reserve setup_data: [mem 0x00000000718d9258-0x0000000073dcdfff] usable
[    0.000000] reserve setup_data: [mem 0x0000000073dce000-0x0000000073fcffff] reserved
[    0.000000] reserve setup_data: [mem 0x0000000073fd0000-0x0000000074cc4fff] usable
[    0.000000] reserve setup_data: [mem 0x0000000074cc5000-0x0000000074cc5fff] ACPI NVS
[    0.000000] reserve setup_data: [mem 0x0000000074cc6000-0x0000000074cc6fff] reserved
[    0.000000] reserve setup_data: [mem 0x0000000074cc7000-0x0000000074f4dfff] usable
[    0.000000] reserve setup_data: [mem 0x0000000074f4e000-0x0000000074f4efff] reserved
[    0.000000] reserve setup_data: [mem 0x0000000074f4f000-0x000000007ab9efff] usable
[    0.000000] reserve setup_data: [mem 0x000000007ab9f000-0x000000007af2efff] reserved
[    0.000000] reserve setup_data: [mem 0x000000007af2f000-0x000000007af7efff] ACPI NVS
[    0.000000] reserve setup_data: [mem 0x000000007af7f000-0x000000007affefff] ACPI data
[    0.000000] reserve setup_data: [mem 0x000000007afff000-0x000000007affffff] usable
[    0.000000] reserve setup_data: [mem 0x000000007b000000-0x000000007fffffff] reserved
[    0.000000] reserve setup_data: [mem 0x00000000e0000000-0x00000000efffffff] reserved
[    0.000000] reserve setup_data: [mem 0x00000000fe010000-0x00000000fe010fff] reserved
[    0.000000] reserve setup_data: [mem 0x00000000ff939000-0x00000000ff968fff] reserved
[    0.000000] reserve setup_data: [mem 0x0000000100000000-0x000000047effffff] usable
[    0.000000] efi: EFI v2.4 by Apple
[    0.000000] efi: Apple Mac detected, using EFI v1.10 runtime services only
[    0.000000] efi: ACPI=0x7affe000 ACPI 2.0=0x7affe014 SMBIOS=0x7aee0000 SMBIOS 3.0=0x7aede000 INITRD=0x718f9a18 
[    0.000000] efi: Remove mem42: MMIO range=[0xe0000000-0xefffffff] (256MB) from e820 map
[    0.000000] e820: remove [mem 0xe0000000-0xefffffff] reserved
[    0.000000] efi: Not removing mem43: MMIO range=[0xfe010000-0xfe010fff] (4KB) from e820 map
[    0.000000] efi: Not removing mem44: MMIO range=[0xff939000-0xff968fff] (192KB) from e820 map
[    0.000000] secureboot: Secure boot disabled
[    0.000000] SMBIOS 3.0.0 present.
[    0.000000] DMI: Apple Inc. MacBookPro14,3/Mac-551B86E5744E2388, BIOS 526.0.0.0.0 11/15/2023
[    0.000000] tsc: Detected 2900.000 MHz processor
[    0.000000] tsc: Detected 2899.886 MHz TSC
[    0.000338] e820: update [mem 0x00000000-0x00000fff] usable ==> reserved
[    0.000340] e820: remove [mem 0x000a0000-0x000fffff] usable
[    0.000348] last_pfn = 0x47f000 max_arch_pfn = 0x400000000
[    0.000351] MTRR map: 4 entries (2 fixed + 2 variable; max 22), built from 10 variable MTRRs
[    0.000353] x86/PAT: Configuration [0-7]: WB  WC  UC- UC  WB  WP  UC- WT  
[    0.000733] last_pfn = 0x7b000 max_arch_pfn = 0x400000000
[    0.011215] Using GB pages for direct mapping
[    0.011617] RAMDISK: [mem 0x6adee000-0x6fc84fff]
[    0.011620] ACPI: Early table checksum verification disabled
[    0.011622] ACPI: RSDP 0x000000007AFFE014 000024 (v02 APPLE )
[    0.011626] ACPI: XSDT 0x000000007AFC5188 0000D4 (v01 APPLE  Apple00  00000000      01000013)
[    0.011630] ACPI: FACP 0x000000007AFF8000 0000F4 (v05 APPLE  Apple00  00000000 Loki 0000005F)
[    0.011634] ACPI: DSDT 0x000000007AFEB000 00879C (v02 APPLE  MacBookP 00140003 INTL 20140424)
[    0.011637] ACPI: FACS 0x000000007AF7C000 000040
[    0.011639] ACPI: UEFI 0x000000007AF7D000 000042 (v01 INTEL  EDK2     00000002      01000013)
[    0.011641] ACPI: ECDT 0x000000007AFFA000 000053 (v01 APPLE  Apple00  00000001 Loki 0000005F)
[    0.011644] ACPI: HPET 0x000000007AFF7000 000038 (v01 APPLE  Apple00  00000001 Loki 0000005F)
[    0.011646] ACPI: APIC 0x000000007AFF6000 0000BC (v02 APPLE  Apple00  00000001 Loki 0000005F)
[    0.011648] ACPI: MCFG 0x000000007AFF5000 00003C (v01 APPLE  Apple00  00000001 Loki 0000005F)
[    0.011651] ACPI: SBST 0x000000007AFF4000 000030 (v01 APPLE  Apple00  00000001 Loki 0000005F)
[    0.011653] ACPI: SSDT 0x000000007AFEA000 000024 (v01 APPLE  SmcDppt  00001000 INTL 20140424)
[    0.011655] ACPI: SSDT 0x000000007AFE9000 0007FD (v02 APPLE  PEG0GFX0 00001000 INTL 20140424)
[    0.011658] ACPI: SSDT 0x000000007AFE8000 000024 (v01 APPLE  PEG0SSD0 00001000 INTL 20140424)
[    0.011660] ACPI: SSDT 0x000000007AFE5000 000031 (v01 APPLE  SsdtS3   00001000 INTL 20140424)
[    0.011662] ACPI: SSDT 0x000000007AFE4000 0000DD (v01 APPLE  SataAhci 00001000 INTL 20140424)
[    0.011665] ACPI: SSDT 0x000000007AFE3000 0000B8 (v01 APPLE  Sdxc     00001000 INTL 20140424)
[    0.011667] ACPI: SSDT 0x000000007AFCE000 009D56 (v02 APPLE  TbtPEG12 00001000 INTL 20140424)
[    0.011669] ACPI: SSDT 0x000000007AFCC000 001062 (v02 APPLE  Xhci     00001000 INTL 20140424)
[    0.011672] ACPI: SSDT 0x000000007AFCB000 000612 (v02 PmRef  Cpu0Ist  00003000 INTL 20140424)
[    0.011674] ACPI: SSDT 0x000000007AFCA000 0005AA (v02 PmRef  ApIst    00003000 INTL 20140424)
[    0.011677] ACPI: SSDT 0x000000007AFC9000 000295 (v02 PmRef  Cpu0Cst  00003001 INTL 20140424)
[    0.011679] ACPI: SSDT 0x000000007AFC8000 000119 (v02 PmRef  ApCst    00003000 INTL 20140424)
[    0.011681] ACPI: SSDT 0x000000007AFC7000 000F16 (v02 CpuRef CpuSsdt  00003000 INTL 20140424)
[    0.011684] ACPI: DMAR 0x000000007AFC6000 000160 (v01 APPLE  KBL      00000001 INTL 00000001)
[    0.011686] ACPI: VFCT 0x000000007AFB5000 00F284 (v01 APPLE  Apple00  00000001 AMD  31504F47)
[    0.011688] ACPI: Reserving FACP table memory at [mem 0x7aff8000-0x7aff80f3]
[    0.011689] ACPI: Reserving DSDT table memory at [mem 0x7afeb000-0x7aff379b]
[    0.011690] ACPI: Reserving FACS table memory at [mem 0x7af7c000-0x7af7c03f]
[    0.011691] ACPI: Reserving UEFI table memory at [mem 0x7af7d000-0x7af7d041]
[    0.011691] ACPI: Reserving ECDT table memory at [mem 0x7affa000-0x7affa052]
[    0.011692] ACPI: Reserving HPET table memory at [mem 0x7aff7000-0x7aff7037]
[    0.011693] ACPI: Reserving APIC table memory at [mem 0x7aff6000-0x7aff60bb]
[    0.011693] ACPI: Reserving MCFG table memory at [mem 0x7aff5000-0x7aff503b]
[    0.011694] ACPI: Reserving SBST table memory at [mem 0x7aff4000-0x7aff402f]
[    0.011695] ACPI: Reserving SSDT table memory at [mem 0x7afea000-0x7afea023]
[    0.011695] ACPI: Reserving SSDT table memory at [mem 0x7afe9000-0x7afe97fc]
[    0.011696] ACPI: Reserving SSDT table memory at [mem 0x7afe8000-0x7afe8023]
[    0.011697] ACPI: Reserving SSDT table memory at [mem 0x7afe5000-0x7afe5030]
[    0.011697] ACPI: Reserving SSDT table memory at [mem 0x7afe4000-0x7afe40dc]
[    0.011698] ACPI: Reserving SSDT table memory at [mem 0x7afe3000-0x7afe30b7]
[    0.011698] ACPI: Reserving SSDT table memory at [mem 0x7afce000-0x7afd7d55]
[    0.011699] ACPI: Reserving SSDT table memory at [mem 0x7afcc000-0x7afcd061]
[    0.011700] ACPI: Reserving SSDT table memory at [mem 0x7afcb000-0x7afcb611]
[    0.011700] ACPI: Reserving SSDT table memory at [mem 0x7afca000-0x7afca5a9]
[    0.011701] ACPI: Reserving SSDT table memory at [mem 0x7afc9000-0x7afc9294]
[    0.011702] ACPI: Reserving SSDT table memory at [mem 0x7afc8000-0x7afc8118]
[    0.011702] ACPI: Reserving SSDT table memory at [mem 0x7afc7000-0x7afc7f15]
[    0.011703] ACPI: Reserving DMAR table memory at [mem 0x7afc6000-0x7afc615f]
[    0.011704] ACPI: Reserving VFCT table memory at [mem 0x7afb5000-0x7afc4283]
[    0.011720] ACPI: DMI detected to setup _OSI("Darwin"): Apple hardware
[    0.011860] No NUMA configuration found
[    0.011860] Faking a node at [mem 0x0000000000000000-0x000000047effffff]
[    0.011868] NODE_DATA(0) allocated [mem 0x47efd5000-0x47effffff]
[    0.012020] Zone ranges:
[    0.012021]   DMA      [mem 0x0000000000001000-0x0000000000ffffff]
[    0.012023]   DMA32    [mem 0x0000000001000000-0x00000000ffffffff]
[    0.012024]   Normal   [mem 0x0000000100000000-0x000000047effffff]
[    0.012025]   Device   empty
[    0.012026] Movable zone start for each node
[    0.012028] Early memory node ranges
[    0.012028]   node   0: [mem 0x0000000000001000-0x0000000000057fff]
[    0.012029]   node   0: [mem 0x0000000000059000-0x000000000009dfff]
[    0.012030]   node   0: [mem 0x0000000000100000-0x0000000073dcdfff]
[    0.012031]   node   0: [mem 0x0000000073fd0000-0x0000000074cc4fff]
[    0.012032]   node   0: [mem 0x0000000074cc7000-0x0000000074f4dfff]
[    0.012033]   node   0: [mem 0x0000000074f4f000-0x000000007ab9efff]
[    0.012033]   node   0: [mem 0x000000007afff000-0x000000007affffff]
[    0.012034]   node   0: [mem 0x0000000100000000-0x000000047effffff]
[    0.012036] Initmem setup node 0 [mem 0x0000000000001000-0x000000047effffff]
[    0.012039] On node 0, zone DMA: 1 pages in unavailable ranges
[    0.012040] On node 0, zone DMA: 1 pages in unavailable ranges
[    0.012059] On node 0, zone DMA: 98 pages in unavailable ranges
[    0.014451] On node 0, zone DMA32: 514 pages in unavailable ranges
[    0.014455] On node 0, zone DMA32: 2 pages in unavailable ranges
[    0.014578] On node 0, zone DMA32: 1 pages in unavailable ranges
[    0.014587] On node 0, zone DMA32: 1120 pages in unavailable ranges
[    0.014917] On node 0, zone Normal: 20480 pages in unavailable ranges
[    0.014948] On node 0, zone Normal: 4096 pages in unavailable ranges
[    0.015612] ACPI: PM-Timer IO Port: 0x1808
[    0.015618] ACPI: LAPIC_NMI (acpi_id[0x01] high edge lint[0x1])
[    0.015619] ACPI: LAPIC_NMI (acpi_id[0x02] high edge lint[0x1])
[    0.015620] ACPI: LAPIC_NMI (acpi_id[0x03] high edge lint[0x1])
[    0.015621] ACPI: LAPIC_NMI (acpi_id[0x04] high edge lint[0x1])
[    0.015621] ACPI: LAPIC_NMI (acpi_id[0x05] high edge lint[0x1])
[    0.015622] ACPI: LAPIC_NMI (acpi_id[0x06] high edge lint[0x1])
[    0.015623] ACPI: LAPIC_NMI (acpi_id[0x07] high edge lint[0x1])
[    0.015623] ACPI: LAPIC_NMI (acpi_id[0x08] high edge lint[0x1])
[    0.015658] IOAPIC[0]: apic_id 2, version 32, address 0xfec00000, GSI 0-23
[    0.015661] ACPI: INT_SRC_OVR (bus 0 bus_irq 0 global_irq 2 dfl dfl)
[    0.015662] ACPI: INT_SRC_OVR (bus 0 bus_irq 9 global_irq 9 high level)
[    0.015666] ACPI: Using ACPI (MADT) for SMP configuration information
[    0.015667] ACPI: HPET id: 0x8086a201 base: 0xfed00000
[    0.015669] TSC deadline timer available
[    0.015669] smpboot: Allowing 8 CPUs, 0 hotplug CPUs
[    0.015682] PM: hibernation: Registered nosave memory: [mem 0x00000000-0x00000fff]
[    0.015683] PM: hibernation: Registered nosave memory: [mem 0x00058000-0x00058fff]
[    0.015684] PM: hibernation: Registered nosave memory: [mem 0x0009e000-0x000fffff]
[    0.015686] PM: hibernation: Registered nosave memory: [mem 0x718b8000-0x718b8fff]
[    0.015687] PM: hibernation: Registered nosave memory: [mem 0x718c9000-0x718c9fff]
[    0.015687] PM: hibernation: Registered nosave memory: [mem 0x718ca000-0x718cafff]
[    0.015689] PM: hibernation: Registered nosave memory: [mem 0x718d9000-0x718d9fff]
[    0.015690] PM: hibernation: Registered nosave memory: [mem 0x73dce000-0x73fcffff]
[    0.015691] PM: hibernation: Registered nosave memory: [mem 0x74cc5000-0x74cc5fff]
[    0.015692] PM: hibernation: Registered nosave memory: [mem 0x74cc6000-0x74cc6fff]
[    0.015693] PM: hibernation: Registered nosave memory: [mem 0x74f4e000-0x74f4efff]
[    0.015694] PM: hibernation: Registered nosave memory: [mem 0x7ab9f000-0x7af2efff]
[    0.015695] PM: hibernation: Registered nosave memory: [mem 0x7af2f000-0x7af7efff]
[    0.015695] PM: hibernation: Registered nosave memory: [mem 0x7af7f000-0x7affefff]
[    0.015696] PM: hibernation: Registered nosave memory: [mem 0x7b000000-0x7fffffff]
[    0.015697] PM: hibernation: Registered nosave memory: [mem 0x80000000-0xfe00ffff]
[    0.015698] PM: hibernation: Registered nosave memory: [mem 0xfe010000-0xfe010fff]
[    0.015698] PM: hibernation: Registered nosave memory: [mem 0xfe011000-0xff938fff]
[    0.015699] PM: hibernation: Registered nosave memory: [mem 0xff939000-0xff968fff]
[    0.015699] PM: hibernation: Registered nosave memory: [mem 0xff969000-0xffffffff]
[    0.015700] [mem 0x80000000-0xfe00ffff] available for PCI devices
[    0.015702] Booting paravirtualized kernel on bare hardware
[    0.015703] clocksource: refined-jiffies: mask: 0xffffffff max_cycles: 0xffffffff, max_idle_ns: 7645519600211568 ns
[    0.019914] setup_percpu: NR_CPUS:8192 nr_cpumask_bits:8 nr_cpu_ids:8 nr_node_ids:1
[    0.020226] percpu: Embedded 64 pages/cpu s225280 r8192 d28672 u262144
[    0.020231] pcpu-alloc: s225280 r8192 d28672 u262144 alloc=1*2097152
[    0.020233] pcpu-alloc: [0] 0 1 2 3 4 5 6 7 
[    0.020249] Kernel command line: BOOT_IMAGE=/boot/vmlinuz-6.8.11-amd64 root=UUID=e7b9af3e-e0a4-42a6-8662-5190b7a6ebdf ro quiet splash usbcore.autosuspend=-1
[    0.020302] Unknown kernel command line parameters "splash BOOT_IMAGE=/boot/vmlinuz-6.8.11-amd64", will be passed to user space.
[    0.020329] random: crng init done
[    0.021640] Dentry cache hash table entries: 2097152 (order: 12, 16777216 bytes, linear)
[    0.022298] Inode-cache hash table entries: 1048576 (order: 11, 8388608 bytes, linear)
[    0.022398] Fallback order for Node 0: 0 
[    0.022401] Built 1 zonelists, mobility grouping on.  Total pages: 4102708
[    0.022402] Policy zone: Normal
[    0.022406] mem auto-init: stack:all(zero), heap alloc:on, heap free:off
[    0.022411] software IO TLB: area num 8.
[    0.038680] Memory: 1840456K/16671964K available (16384K kernel code, 2368K rwdata, 10760K rodata, 4028K init, 5548K bss, 633612K reserved, 0K cma-reserved)
[    0.038854] SLUB: HWalign=64, Order=0-3, MinObjects=0, CPUs=8, Nodes=1
[    0.038863] Kernel/User page tables isolation: enabled
[    0.038886] ftrace: allocating 43653 entries in 171 pages
[    0.044900] ftrace: allocated 171 pages with 5 groups
[    0.045395] Dynamic Preempt: voluntary
[    0.045425] rcu: Preemptible hierarchical RCU implementation.
[    0.045426] rcu: 	RCU restricting CPUs from NR_CPUS=8192 to nr_cpu_ids=8.
[    0.045427] 	Trampoline variant of Tasks RCU enabled.
[    0.045427] 	Rude variant of Tasks RCU enabled.
[    0.045427] 	Tracing variant of Tasks RCU enabled.
[    0.045428] rcu: RCU calculated value of scheduler-enlistment delay is 25 jiffies.
[    0.045429] rcu: Adjusting geometry for rcu_fanout_leaf=16, nr_cpu_ids=8
[    0.047549] NR_IRQS: 524544, nr_irqs: 488, preallocated irqs: 16
[    0.047799] rcu: srcu_init: Setting srcu_struct sizes based on contention.
[    0.047976] Console: colour dummy device 80x25
[    0.047978] printk: legacy console [tty0] enabled
[    0.048009] ACPI: Core revision 20230628
[    0.048141] hpet: HPET dysfunctional in PC10. Force disabled.
[    0.048142] APIC: Switch to symmetric I/O mode setup
[    0.048143] DMAR: Host address width 39
[    0.048144] DMAR: DRHD base: 0x000000fed90000 flags: 0x0
[    0.048149] DMAR: dmar0: reg_base_addr fed90000 ver 1:0 cap 1c0000c40660462 ecap 19e2ff0505e
[    0.048151] DMAR: DRHD base: 0x000000fed91000 flags: 0x1
[    0.048153] DMAR: dmar1: reg_base_addr fed91000 ver 1:0 cap d2008c40660462 ecap f050da
[    0.048155] DMAR: RMRR base: 0x0000007b800000 end: 0x0000007fffffff
[    0.048156] DMAR: ANDD device: 1 name: \_SB.PCI0.I2C0
[    0.048157] DMAR: ANDD device: 7 name: \_SB.PCI0.SPI0
[    0.048158] DMAR: ANDD device: 8 name: \_SB.PCI0.SPI1
[    0.048158] DMAR: ANDD device: 9 name: \_SB.PCI0.UA00
[    0.048159] DMAR: ANDD device: a name: \_SB.PCI0.UA01
[    0.048160] DMAR: ANDD device: b name: \_SB.PCI0.UA02
[    0.048161] DMAR-IR: IOAPIC id 2 under DRHD base  0xfed91000 IOMMU 1
[    0.048162] DMAR-IR: HPET id 0 under DRHD base 0xfed91000
[    0.048163] DMAR-IR: Queued invalidation will be enabled to support x2apic and Intr-remapping.
[    0.048763] DMAR-IR: Enabled IRQ remapping in x2apic mode
[    0.048764] x2apic enabled
[    0.048813] APIC: Switched APIC routing to: cluster x2apic
[    0.049633] clocksource: tsc-early: mask: 0xffffffffffffffff max_cycles: 0x29ccd767b87, max_idle_ns: 440795223720 ns
[    0.049638] Calibrating delay loop (skipped), value calculated using timer frequency.. 5799.77 BogoMIPS (lpj=11599544)
[    0.049658] x86/cpu: SGX disabled by BIOS.
[    0.049664] CPU0: Thermal monitoring enabled (TM1)
[    0.049699] process: using mwait in idle threads
[    0.049702] Last level iTLB entries: 4KB 64, 2MB 8, 4MB 8
[    0.049703] Last level dTLB entries: 4KB 64, 2MB 0, 4MB 0, 1GB 4
[    0.049707] Spectre V1 : Mitigation: usercopy/swapgs barriers and __user pointer sanitization
[    0.049709] Spectre V2 : Mitigation: IBRS
[    0.049710] Spectre V2 : Spectre v2 / SpectreRSB mitigation: Filling RSB on context switch
[    0.049711] Spectre V2 : Spectre v2 / SpectreRSB : Filling RSB on VMEXIT
[    0.049711] RETBleed: Mitigation: IBRS
[    0.049712] Spectre V2 : mitigation: Enabling conditional Indirect Branch Prediction Barrier
[    0.049713] Spectre V2 : User space: Mitigation: STIBP via prctl
[    0.049714] Speculative Store Bypass: Mitigation: Speculative Store Bypass disabled via prctl
[    0.049719] MDS: Mitigation: Clear CPU buffers
[    0.049719] TAA: Mitigation: TSX disabled
[    0.049720] MMIO Stale Data: Mitigation: Clear CPU buffers
[    0.049724] SRBDS: Mitigation: Microcode
[    0.049729] GDS: Mitigation: Microcode
[    0.049733] x86/fpu: Supporting XSAVE feature 0x001: 'x87 floating point registers'
[    0.049735] x86/fpu: Supporting XSAVE feature 0x002: 'SSE registers'
[    0.049736] x86/fpu: Supporting XSAVE feature 0x004: 'AVX registers'
[    0.049736] x86/fpu: Supporting XSAVE feature 0x008: 'MPX bounds registers'
[    0.049737] x86/fpu: Supporting XSAVE feature 0x010: 'MPX CSR'
[    0.049739] x86/fpu: xstate_offset[2]:  576, xstate_sizes[2]:  256
[    0.049740] x86/fpu: xstate_offset[3]:  832, xstate_sizes[3]:   64
[    0.049741] x86/fpu: xstate_offset[4]:  896, xstate_sizes[4]:   64
[    0.049743] x86/fpu: Enabled xstate features 0x1f, context size is 960 bytes, using 'compacted' format.
[    0.053636] Freeing SMP alternatives memory: 36K
[    0.053636] pid_max: default: 32768 minimum: 301
[    0.053636] LSM: initializing lsm=lockdown,capability,landlock,yama,apparmor,tomoyo,bpf,integrity
[    0.053636] landlock: Up and running.
[    0.053636] Yama: disabled by default; enable with sysctl kernel.yama.*
[    0.053636] AppArmor: AppArmor initialized
[    0.053636] TOMOYO Linux initialized
[    0.053636] LSM support for eBPF active
[    0.053636] Mount-cache hash table entries: 32768 (order: 6, 262144 bytes, linear)
[    0.053636] Mountpoint-cache hash table entries: 32768 (order: 6, 262144 bytes, linear)
[    0.053636] smpboot: CPU0: Intel(R) Core(TM) i7-7820HQ CPU @ 2.90GHz (family: 0x6, model: 0x9e, stepping: 0x9)
[    0.053636] RCU Tasks: Setting shift to 3 and lim to 1 rcu_task_cb_adjust=1.
[    0.053636] RCU Tasks Rude: Setting shift to 3 and lim to 1 rcu_task_cb_adjust=1.
[    0.053636] RCU Tasks Trace: Setting shift to 3 and lim to 1 rcu_task_cb_adjust=1.
[    0.053636] Performance Events: PEBS fmt3+, Skylake events, 32-deep LBR, full-width counters, Intel PMU driver.
[    0.053636] ... version:                4
[    0.053636] ... bit width:              48
[    0.053636] ... generic registers:      4
[    0.053636] ... value mask:             0000ffffffffffff
[    0.053636] ... max period:             00007fffffffffff
[    0.053636] ... fixed-purpose events:   3
[    0.053636] ... event mask:             000000070000000f
[    0.053636] signal: max sigframe size: 2032
[    0.053636] Estimated ratio of average max frequency by base frequency (times 1024): 1235
[    0.053636] rcu: Hierarchical SRCU implementation.
[    0.053636] rcu: 	Max phase no-delay instances is 1000.
[    0.053636] NMI watchdog: Enabled. Permanently consumes one hw-PMU counter.
[    0.053636] smp: Bringing up secondary CPUs ...
[    0.053636] smpboot: x86: Booting SMP configuration:
[    0.053636] .... node  #0, CPUs:      #1 #2 #3 #4 #5 #6 #7
[    0.053636] MDS CPU bug present and SMT on, data leak possible. See https://www.kernel.org/doc/html/latest/admin-guide/hw-vuln/mds.html for more details.
[    0.053636] MMIO Stale Data CPU bug present and SMT on, data leak possible. See https://www.kernel.org/doc/html/latest/admin-guide/hw-vuln/processor_mmio_stale_data.html for more details.
[    0.053636] smp: Brought up 1 node, 8 CPUs
[    0.053636] smpboot: Max logical packages: 1
[    0.053636] smpboot: Total of 8 processors activated (46398.17 BogoMIPS)
[    0.069660] node 0 deferred pages initialised in 16ms
[    0.070124] devtmpfs: initialized
[    0.070124] x86/mm: Memory block size: 128MB
[    0.071046] ACPI: PM: Registering ACPI NVS region [mem 0x74cc5000-0x74cc5fff] (4096 bytes)
[    0.071046] ACPI: PM: Registering ACPI NVS region [mem 0x7af2f000-0x7af7efff] (327680 bytes)
[    0.071046] clocksource: jiffies: mask: 0xffffffff max_cycles: 0xffffffff, max_idle_ns: 7645041785100000 ns
[    0.071046] futex hash table entries: 2048 (order: 5, 131072 bytes, linear)
[    0.071046] pinctrl core: initialized pinctrl subsystem
[    0.071046] NET: Registered PF_NETLINK/PF_ROUTE protocol family
[    0.071046] DMA: preallocated 2048 KiB GFP_KERNEL pool for atomic allocations
[    0.071046] DMA: preallocated 2048 KiB GFP_KERNEL|GFP_DMA pool for atomic allocations
[    0.071046] DMA: preallocated 2048 KiB GFP_KERNEL|GFP_DMA32 pool for atomic allocations
[    0.071046] audit: initializing netlink subsys (disabled)
[    0.071046] audit: type=2000 audit(1718221799.020:1): state=initialized audit_enabled=0 res=1
[    0.071046] thermal_sys: Registered thermal governor 'fair_share'
[    0.071046] thermal_sys: Registered thermal governor 'bang_bang'
[    0.071046] thermal_sys: Registered thermal governor 'step_wise'
[    0.071046] thermal_sys: Registered thermal governor 'user_space'
[    0.071046] thermal_sys: Registered thermal governor 'power_allocator'
[    0.071046] cpuidle: using governor ladder
[    0.071046] cpuidle: using governor menu
[    0.071046] ACPI FADT declares the system doesn't support PCIe ASPM, so disable it
[    0.071046] acpiphp: ACPI Hot Plug PCI Controller Driver version: 0.5
[    0.073685] PCI: ECAM [mem 0xe0000000-0xefffffff] (base 0xe0000000) for domain 0000 [bus 00-ff]
[    0.073690] PCI: not using ECAM ([mem 0xe0000000-0xefffffff] not reserved)
[    0.073691] PCI: Using configuration type 1 for base access
[    0.073802] kprobes: kprobe jump-optimization is enabled. All kprobes are optimized if possible.
[    0.073807] HugeTLB: registered 1.00 GiB page size, pre-allocated 0 pages
[    0.073807] HugeTLB: 16380 KiB vmemmap can be freed for a 1.00 GiB page
[    0.073807] HugeTLB: registered 2.00 MiB page size, pre-allocated 0 pages
[    0.073807] HugeTLB: 28 KiB vmemmap can be freed for a 2.00 MiB page
[    0.073807] ACPI: Disabled all _OSI OS vendors
[    0.073807] ACPI: Added _OSI(Module Device)
[    0.073807] ACPI: Added _OSI(Processor Device)
[    0.073807] ACPI: Added _OSI(3.0 _SCP Extensions)
[    0.073807] ACPI: Added _OSI(Processor Aggregator Device)
[    0.073807] ACPI: Added _OSI(Darwin)
[    0.084169] ACPI: 14 ACPI AML tables successfully acquired and loaded
[    0.084882] ACPI: EC: EC started
[    0.084883] ACPI: EC: interrupt blocked
[    0.085393] ACPI: EC: EC_CMD/EC_SC=0x66, EC_DATA=0x62
[    0.085394] ACPI: EC: Boot ECDT EC used to handle transactions
[    0.085745] ACPI: BIOS _OSI(Darwin) query honored via DMI
[    0.086402] ACPI: [Firmware Bug]: BIOS _OSI(Linux) query ignored
[    0.086509] ACPI: Dynamic OEM Table Load:
[    0.086509] ACPI Error: AE_ALREADY_EXISTS, SSDT 0xFFFF9CA4C1613000 Table is already loaded (20230628/tbdata-548)
[    0.086509] ACPI Error: Aborting method \_PR.CPU0.GCAP due to previous error (AE_ALREADY_EXISTS) (20230628/psparse-529)
[    0.086509] ACPI Error: Aborting method \_PR.CPU0._OSC due to previous error (AE_ALREADY_EXISTS) (20230628/psparse-529)
[    0.086509] ACPI: _OSC evaluation for CPUs failed, trying _PDC
[    0.086509] ACPI: Dynamic OEM Table Load:
[    0.086509] ACPI Error: AE_ALREADY_EXISTS, SSDT 0xFFFF9CA4C105B800 Table is already loaded (20230628/tbdata-548)
[    0.086509] ACPI Error: Aborting method \_PR.CPU0.GCAP due to previous error (AE_ALREADY_EXISTS) (20230628/psparse-529)
[    0.086509] ACPI Error: Aborting method \_PR.CPU0._PDC due to previous error (AE_ALREADY_EXISTS) (20230628/psparse-529)
[    0.086509] ACPI: Dynamic OEM Table Load:
[    0.086509] ACPI Error: AE_ALREADY_EXISTS, SSDT 0xFFFF9CA4C105C800 Table is already loaded (20230628/tbdata-548)
[    0.086509] ACPI Error: Aborting method \_PR.CPU1.APPT due to previous error (AE_ALREADY_EXISTS) (20230628/psparse-529)
[    0.086509] ACPI Error: Aborting method \_PR.CPU1.GCAP due to previous error (AE_ALREADY_EXISTS) (20230628/psparse-529)
[    0.086509] ACPI Error: Aborting method \_PR.CPU1._PDC due to previous error (AE_ALREADY_EXISTS) (20230628/psparse-529)
[    0.086574] ACPI BIOS Error (bug): Could not resolve symbol [\_SB.OSCP], AE_NOT_FOUND (20230628/psargs-330)
[    0.086580] ACPI Error: Aborting method \_PR.CPU2.GCAP due to previous error (AE_NOT_FOUND) (20230628/psparse-529)
[    0.086587] ACPI Error: Aborting method \_PR.CPU2._PDC due to previous error (AE_NOT_FOUND) (20230628/psparse-529)
[    0.086711] ACPI BIOS Error (bug): Could not resolve symbol [\_SB.OSCP], AE_NOT_FOUND (20230628/psargs-330)
[    0.086716] ACPI Error: Aborting method \_PR.CPU3.GCAP due to previous error (AE_NOT_FOUND) (20230628/psparse-529)
[    0.086723] ACPI Error: Aborting method \_PR.CPU3._PDC due to previous error (AE_NOT_FOUND) (20230628/psparse-529)
[    0.086845] ACPI BIOS Error (bug): Could not resolve symbol [\_SB.OSCP], AE_NOT_FOUND (20230628/psargs-330)
[    0.086850] ACPI Error: Aborting method \_PR.CPU4.GCAP due to previous error (AE_NOT_FOUND) (20230628/psparse-529)
[    0.086857] ACPI Error: Aborting method \_PR.CPU4._PDC due to previous error (AE_NOT_FOUND) (20230628/psparse-529)
[    0.086978] ACPI BIOS Error (bug): Could not resolve symbol [\_SB.OSCP], AE_NOT_FOUND (20230628/psargs-330)
[    0.086984] ACPI Error: Aborting method \_PR.CPU5.GCAP due to previous error (AE_NOT_FOUND) (20230628/psparse-529)
[    0.086991] ACPI Error: Aborting method \_PR.CPU5._PDC due to previous error (AE_NOT_FOUND) (20230628/psparse-529)
[    0.087112] ACPI BIOS Error (bug): Could not resolve symbol [\_SB.OSCP], AE_NOT_FOUND (20230628/psargs-330)
[    0.087118] ACPI Error: Aborting method \_PR.CPU6.GCAP due to previous error (AE_NOT_FOUND) (20230628/psparse-529)
[    0.087125] ACPI Error: Aborting method \_PR.CPU6._PDC due to previous error (AE_NOT_FOUND) (20230628/psparse-529)
[    0.087248] ACPI BIOS Error (bug): Could not resolve symbol [\_SB.OSCP], AE_NOT_FOUND (20230628/psargs-330)
[    0.087254] ACPI Error: Aborting method \_PR.CPU7.GCAP due to previous error (AE_NOT_FOUND) (20230628/psparse-529)
[    0.087260] ACPI Error: Aborting method \_PR.CPU7._PDC due to previous error (AE_NOT_FOUND) (20230628/psparse-529)
[    0.087441] ACPI: Interpreter enabled
[    0.087459] ACPI: PM: (supports S0 S3 S4 S5)
[    0.087460] ACPI: Using IOAPIC for interrupt routing
[    0.087479] PCI: ECAM [mem 0xe0000000-0xefffffff] (base 0xe0000000) for domain 0000 [bus 00-ff]
[    0.087826] PCI: ECAM [mem 0xe0000000-0xefffffff] reserved as ACPI motherboard resource
[    0.087835] PCI: Using host bridge windows from ACPI; if necessary, use "pci=nocrs" and report a bug
[    0.087836] PCI: Ignoring E820 reservations for host bridge windows
[    0.088070] ACPI: Enabled 11 GPEs in block 00 to 7F
[    0.099568] ACPI: PCI Root Bridge [PCI0] (domain 0000 [bus 00-ff])
[    0.099573] acpi PNP0A08:00: _OSC: OS assumes control of [PCIeHotplug SHPCHotplug AER PCIeCapability LTR DPC]
[    0.100011] PCI host bridge to bus 0000:00
[    0.100013] pci_bus 0000:00: root bus resource [io  0x0000-0x0cf7 window]
[    0.100015] pci_bus 0000:00: root bus resource [io  0x0d00-0xffff window]
[    0.100017] pci_bus 0000:00: root bus resource [mem 0x000a0000-0x000fffff window]
[    0.100019] pci_bus 0000:00: root bus resource [mem 0x80000000-0xfeafffff window]
[    0.100020] pci_bus 0000:00: root bus resource [mem 0x4000000000-0x7fffffffff window]
[    0.100022] pci_bus 0000:00: root bus resource [bus 00-ff]
[    0.100046] pci 0000:00:00.0: [8086:5910] type 00 class 0x060000 conventional PCI endpoint
[    0.100142] pci 0000:00:01.0: [8086:1901] type 01 class 0x060400 PCIe Root Port
[    0.100171] pci 0000:00:01.0: PCI bridge to [bus 01]
[    0.100174] pci 0000:00:01.0:   bridge window [io  0x4000-0x4fff]
[    0.100176] pci 0000:00:01.0:   bridge window [mem 0x82600000-0x826fffff]
[    0.100184] pci 0000:00:01.0:   bridge window [mem 0xb0000000-0xc01fffff 64bit pref]
[    0.100207] pci 0000:00:01.0: PME# supported from D0 D3hot D3cold
[    0.100280] pci 0000:00:01.1: [8086:1905] type 01 class 0x060400 PCIe Root Port
[    0.100309] pci 0000:00:01.1: PCI bridge to [bus 04-79]
[    0.100312] pci 0000:00:01.1:   bridge window [io  0x6000-0x9fff]
[    0.100313] pci 0000:00:01.1:   bridge window [mem 0x82800000-0x909fffff]
[    0.100320] pci 0000:00:01.1:   bridge window [mem 0xc0200000-0xce1fffff 64bit pref]
[    0.100344] pci 0000:00:01.1: PME# supported from D0 D3hot D3cold
[    0.100452] pci 0000:00:01.2: [8086:1909] type 01 class 0x060400 PCIe Root Port
[    0.100480] pci 0000:00:01.2: PCI bridge to [bus 7a-ef]
[    0.100483] pci 0000:00:01.2:   bridge window [io  0xa000-0xdfff]
[    0.100485] pci 0000:00:01.2:   bridge window [mem 0x90a00000-0x9ebfffff]
[    0.100492] pci 0000:00:01.2:   bridge window [mem 0xce200000-0xdc1fffff 64bit pref]
[    0.100515] pci 0000:00:01.2: PME# supported from D0 D3hot D3cold
[    0.100708] pci 0000:00:14.0: [8086:a12f] type 00 class 0x0c0330 conventional PCI endpoint
[    0.100733] pci 0000:00:14.0: BAR 0 [mem 0x82700000-0x8270ffff 64bit]
[    0.100813] pci 0000:00:14.0: PME# supported from D3hot D3cold
[    0.100941] pci 0000:00:15.0: [8086:a160] type 00 class 0x118000 conventional PCI endpoint
[    0.101112] pci 0000:00:15.0: BAR 0 [mem 0x82728000-0x82728fff 64bit]
[    0.101581] pci 0000:00:16.0: [8086:a13a] type 00 class 0x078000 conventional PCI endpoint
[    0.101606] pci 0000:00:16.0: BAR 0 [mem 0x82729000-0x82729fff 64bit]
[    0.101682] pci 0000:00:16.0: PME# supported from D3hot
[    0.101802] pci 0000:00:19.0: [8086:a166] type 00 class 0x118000 conventional PCI endpoint
[    0.101973] pci 0000:00:19.0: BAR 0 [mem 0x8272a000-0x8272afff 64bit]
[    0.102463] pci 0000:00:1b.0: [8086:a167] type 01 class 0x060400 PCIe Root Port
[    0.102501] pci 0000:00:1b.0: PCI bridge to [bus 02]
[    0.102505] pci 0000:00:1b.0:   bridge window [io  0x3000-0x3fff]
[    0.102507] pci 0000:00:1b.0:   bridge window [mem 0x82500000-0x825fffff]
[    0.102564] pci 0000:00:1b.0: PME# supported from D0 D3hot D3cold
[    0.102583] pci 0000:00:1b.0: Intel SPT PCH root port ACS workaround enabled
[    0.102697] pci 0000:00:1c.0: [8086:a110] type 01 class 0x060400 PCIe Root Port
[    0.102736] pci 0000:00:1c.0: PCI bridge to [bus 03]
[    0.102740] pci 0000:00:1c.0:   bridge window [mem 0x82000000-0x824fffff]
[    0.102792] pci 0000:00:1c.0: PME# supported from D0 D3hot D3cold
[    0.102807] pci 0000:00:1c.0: Intel SPT PCH root port ACS workaround enabled
[    0.102984] pci 0000:00:1e.0: [8086:a127] type 00 class 0x118000 conventional PCI endpoint
[    0.103154] pci 0000:00:1e.0: BAR 0 [mem 0x8272b000-0x8272bfff 64bit]
[    0.103661] pci 0000:00:1e.1: [8086:a128] type 00 class 0x118000 conventional PCI endpoint
[    0.103831] pci 0000:00:1e.1: BAR 0 [mem 0x8272c000-0x8272cfff 64bit]
[    0.104324] pci 0000:00:1e.2: [8086:a129] type 00 class 0x118000 conventional PCI endpoint
[    0.104495] pci 0000:00:1e.2: BAR 0 [mem 0x8272d000-0x8272dfff 64bit]
[    0.104979] pci 0000:00:1e.3: [8086:a12a] type 00 class 0x118000 conventional PCI endpoint
[    0.105149] pci 0000:00:1e.3: BAR 0 [mem 0x8272e000-0x8272efff 64bit]
[    0.105617] pci 0000:00:1f.0: [8086:a151] type 00 class 0x060100 conventional PCI endpoint
[    0.105821] pci 0000:00:1f.2: [8086:a121] type 00 class 0x058000 conventional PCI endpoint
[    0.105837] pci 0000:00:1f.2: BAR 0 [mem 0x82724000-0x82727fff]
[    0.105948] pci 0000:00:1f.3: [8086:a170] type 00 class 0x040300 conventional PCI endpoint
[    0.105979] pci 0000:00:1f.3: BAR 0 [mem 0x82720000-0x82723fff 64bit]
[    0.106027] pci 0000:00:1f.3: BAR 4 [mem 0x00000000-0x0000ffff 64bit]
[    0.106073] pci 0000:00:1f.3: PME# supported from D3hot D3cold
[    0.106178] pci 0000:00:1f.4: [8086:a123] type 00 class 0x0c0500 conventional PCI endpoint
[    0.106236] pci 0000:00:1f.4: BAR 0 [mem 0x8272f000-0x8272f0ff 64bit]
[    0.106306] pci 0000:00:1f.4: BAR 4 [io  0x5040-0x505f]
[    0.106467] pci 0000:01:00.0: [1002:67ef] type 00 class 0x030000 PCIe Legacy Endpoint
[    0.106490] pci 0000:01:00.0: BAR 0 [mem 0xb0000000-0xbfffffff 64bit pref]
[    0.106506] pci 0000:01:00.0: BAR 2 [mem 0xc0000000-0xc01fffff 64bit pref]
[    0.106517] pci 0000:01:00.0: BAR 4 [io  0x4000-0x40ff]
[    0.106528] pci 0000:01:00.0: BAR 5 [mem 0x82600000-0x8263ffff]
[    0.106538] pci 0000:01:00.0: ROM [mem 0x82640000-0x8265ffff pref]
[    0.106551] pci 0000:01:00.0: BAR 0: assigned to efifb
[    0.106580] pci 0000:01:00.0: supports D1 D2
[    0.106685] pci 0000:01:00.1: [1002:aae0] type 00 class 0x040300 PCIe Legacy Endpoint
[    0.106704] pci 0000:01:00.1: BAR 0 [mem 0x82660000-0x82663fff 64bit]
[    0.106769] pci 0000:01:00.1: supports D1 D2
[    0.106863] pci 0000:00:01.0: PCI bridge to [bus 01]
[    0.106917] pci 0000:04:00.0: [8086:1578] type 01 class 0x060400 PCIe Switch Upstream Port
[    0.106956] pci 0000:04:00.0: PCI bridge to [bus 05-79]
[    0.106961] pci 0000:04:00.0:   bridge window [io  0x6000-0x9fff]
[    0.106963] pci 0000:04:00.0:   bridge window [mem 0x82800000-0x909fffff]
[    0.106973] pci 0000:04:00.0:   bridge window [mem 0xc0200000-0xce1fffff 64bit pref]
[    0.106982] pci 0000:04:00.0: enabling Extended Tags
[    0.107041] pci 0000:04:00.0: supports D1 D2
[    0.107042] pci 0000:04:00.0: PME# supported from D0 D1 D2 D3hot D3cold
[    0.117669] pci 0000:00:01.1: PCI bridge to [bus 04-79]
[    0.117757] pci 0000:05:00.0: [8086:15d3] type 01 class 0x060400 PCIe Switch Downstream Port
[    0.117797] pci 0000:05:00.0: PCI bridge to [bus 06]
[    0.117804] pci 0000:05:00.0:   bridge window [mem 0x82900000-0x829fffff]
[    0.117822] pci 0000:05:00.0: enabling Extended Tags
[    0.117887] pci 0000:05:00.0: supports D1 D2
[    0.117888] pci 0000:05:00.0: PME# supported from D0 D1 D2 D3hot D3cold
[    0.118108] pci 0000:05:01.0: [8086:15d3] type 01 class 0x060400 PCIe Switch Downstream Port
[    0.118148] pci 0000:05:01.0: PCI bridge to [bus 08-40]
[    0.118153] pci 0000:05:01.0:   bridge window [io  0x6000-0x7fff]
[    0.118156] pci 0000:05:01.0:   bridge window [mem 0x82a00000-0x899fffff]
[    0.118166] pci 0000:05:01.0:   bridge window [mem 0xc0200000-0xc71fffff 64bit pref]
[    0.118176] pci 0000:05:01.0: enabling Extended Tags
[    0.118241] pci 0000:05:01.0: supports D1 D2
[    0.118242] pci 0000:05:01.0: PME# supported from D0 D1 D2 D3hot D3cold
[    0.118377] pci 0000:05:02.0: [8086:15d3] type 01 class 0x060400 PCIe Switch Downstream Port
[    0.118417] pci 0000:05:02.0: PCI bridge to [bus 07]
[    0.118423] pci 0000:05:02.0:   bridge window [mem 0x82800000-0x828fffff]
[    0.118442] pci 0000:05:02.0: enabling Extended Tags
[    0.118506] pci 0000:05:02.0: supports D1 D2
[    0.118507] pci 0000:05:02.0: PME# supported from D0 D1 D2 D3hot D3cold
[    0.118714] pci 0000:05:04.0: [8086:15d3] type 01 class 0x060400 PCIe Switch Downstream Port
[    0.118754] pci 0000:05:04.0: PCI bridge to [bus 41-79]
[    0.118759] pci 0000:05:04.0:   bridge window [io  0x8000-0x9fff]
[    0.118761] pci 0000:05:04.0:   bridge window [mem 0x89a00000-0x909fffff]
[    0.118771] pci 0000:05:04.0:   bridge window [mem 0xc7200000-0xce1fffff 64bit pref]
[    0.118781] pci 0000:05:04.0: enabling Extended Tags
[    0.118845] pci 0000:05:04.0: supports D1 D2
[    0.118846] pci 0000:05:04.0: PME# supported from D0 D1 D2 D3hot D3cold
[    0.118983] pci 0000:04:00.0: PCI bridge to [bus 05-79]
[    0.119050] pci 0000:06:00.0: [8086:15d2] type 00 class 0x088000 PCIe Endpoint
[    0.119072] pci 0000:06:00.0: BAR 0 [mem 0x82900000-0x8293ffff]
[    0.119086] pci 0000:06:00.0: BAR 1 [mem 0x82940000-0x82940fff]
[    0.119153] pci 0000:06:00.0: enabling Extended Tags
[    0.119235] pci 0000:06:00.0: supports D1 D2
[    0.119236] pci 0000:06:00.0: PME# supported from D0 D1 D2 D3hot D3cold
[    0.119590] pci 0000:05:00.0: PCI bridge to [bus 06]
[    0.119652] pci 0000:05:01.0: PCI bridge to [bus 08-40]
[    0.119719] pci 0000:07:00.0: [8086:15d4] type 00 class 0x0c0330 PCIe Endpoint
[    0.119739] pci 0000:07:00.0: BAR 0 [mem 0x00000000-0x0000ffff]
[    0.119796] pci 0000:07:00.0: enabling Extended Tags
[    0.119885] pci 0000:07:00.0: supports D1 D2
[    0.119887] pci 0000:07:00.0: PME# supported from D0 D1 D2 D3hot D3cold
[    0.119970] pci 0000:07:00.0: 8.000 Gb/s available PCIe bandwidth, limited by 2.5 GT/s PCIe x4 link at 0000:05:02.0 (capable of 31.504 Gb/s with 8.0 GT/s PCIe x4 link)
[    0.120269] pci 0000:05:02.0: PCI bridge to [bus 07]
[    0.120331] pci 0000:05:04.0: PCI bridge to [bus 41-79]
[    0.120421] pci 0000:7a:00.0: [8086:1578] type 01 class 0x060400 PCIe Switch Upstream Port
[    0.120460] pci 0000:7a:00.0: PCI bridge to [bus 7b-ef]
[    0.120464] pci 0000:7a:00.0:   bridge window [io  0xa000-0xdfff]
[    0.120467] pci 0000:7a:00.0:   bridge window [mem 0x90a00000-0x9ebfffff]
[    0.120477] pci 0000:7a:00.0:   bridge window [mem 0xce200000-0xdc1fffff 64bit pref]
[    0.120485] pci 0000:7a:00.0: enabling Extended Tags
[    0.120544] pci 0000:7a:00.0: supports D1 D2
[    0.120545] pci 0000:7a:00.0: PME# supported from D0 D1 D2 D3hot D3cold
[    0.129663] pci 0000:00:01.2: PCI bridge to [bus 7a-ef]
[    0.129751] pci 0000:7b:00.0: [8086:15d3] type 01 class 0x060400 PCIe Switch Downstream Port
[    0.129791] pci 0000:7b:00.0: PCI bridge to [bus 7c]
[    0.129797] pci 0000:7b:00.0:   bridge window [mem 0x90b00000-0x90bfffff]
[    0.129816] pci 0000:7b:00.0: enabling Extended Tags
[    0.129879] pci 0000:7b:00.0: supports D1 D2
[    0.129880] pci 0000:7b:00.0: PME# supported from D0 D1 D2 D3hot D3cold
[    0.130091] pci 0000:7b:01.0: [8086:15d3] type 01 class 0x060400 PCIe Switch Downstream Port
[    0.130130] pci 0000:7b:01.0: PCI bridge to [bus 7e-b6]
[    0.130135] pci 0000:7b:01.0:   bridge window [io  0xa000-0xbfff]
[    0.130138] pci 0000:7b:01.0:   bridge window [mem 0x90c00000-0x97bfffff]
[    0.130148] pci 0000:7b:01.0:   bridge window [mem 0xce200000-0xd51fffff 64bit pref]
[    0.130158] pci 0000:7b:01.0: enabling Extended Tags
[    0.130222] pci 0000:7b:01.0: supports D1 D2
[    0.130223] pci 0000:7b:01.0: PME# supported from D0 D1 D2 D3hot D3cold
[    0.130357] pci 0000:7b:02.0: [8086:15d3] type 01 class 0x060400 PCIe Switch Downstream Port
[    0.130397] pci 0000:7b:02.0: PCI bridge to [bus 7d]
[    0.130403] pci 0000:7b:02.0:   bridge window [mem 0x90a00000-0x90afffff]
[    0.130421] pci 0000:7b:02.0: enabling Extended Tags
[    0.130485] pci 0000:7b:02.0: supports D1 D2
[    0.130486] pci 0000:7b:02.0: PME# supported from D0 D1 D2 D3hot D3cold
[    0.130691] pci 0000:7b:04.0: [8086:15d3] type 01 class 0x060400 PCIe Switch Downstream Port
[    0.130730] pci 0000:7b:04.0: PCI bridge to [bus b7-ef]
[    0.130735] pci 0000:7b:04.0:   bridge window [io  0xc000-0xdfff]
[    0.130738] pci 0000:7b:04.0:   bridge window [mem 0x97c00000-0x9ebfffff]
[    0.130748] pci 0000:7b:04.0:   bridge window [mem 0xd5200000-0xdc1fffff 64bit pref]
[    0.130757] pci 0000:7b:04.0: enabling Extended Tags
[    0.130820] pci 0000:7b:04.0: supports D1 D2
[    0.130822] pci 0000:7b:04.0: PME# supported from D0 D1 D2 D3hot D3cold
[    0.130957] pci 0000:7a:00.0: PCI bridge to [bus 7b-ef]
[    0.131024] pci 0000:7c:00.0: [8086:15d2] type 00 class 0x088000 PCIe Endpoint
[    0.131046] pci 0000:7c:00.0: BAR 0 [mem 0x90b00000-0x90b3ffff]
[    0.131059] pci 0000:7c:00.0: BAR 1 [mem 0x90b40000-0x90b40fff]
[    0.131126] pci 0000:7c:00.0: enabling Extended Tags
[    0.131206] pci 0000:7c:00.0: supports D1 D2
[    0.131207] pci 0000:7c:00.0: PME# supported from D0 D1 D2 D3hot D3cold
[    0.131547] pci 0000:7b:00.0: PCI bridge to [bus 7c]
[    0.131609] pci 0000:7b:01.0: PCI bridge to [bus 7e-b6]
[    0.131676] pci 0000:7d:00.0: [8086:15d4] type 00 class 0x0c0330 PCIe Endpoint
[    0.131695] pci 0000:7d:00.0: BAR 0 [mem 0x00000000-0x0000ffff]
[    0.131751] pci 0000:7d:00.0: enabling Extended Tags
[    0.131840] pci 0000:7d:00.0: supports D1 D2
[    0.131841] pci 0000:7d:00.0: PME# supported from D0 D1 D2 D3hot D3cold
[    0.131922] pci 0000:7d:00.0: 8.000 Gb/s available PCIe bandwidth, limited by 2.5 GT/s PCIe x4 link at 0000:7b:02.0 (capable of 31.504 Gb/s with 8.0 GT/s PCIe x4 link)
[    0.132219] pci 0000:7b:02.0: PCI bridge to [bus 7d]
[    0.132280] pci 0000:7b:04.0: PCI bridge to [bus b7-ef]
[    0.132553] pci 0000:02:00.0: [144d:a804] type 00 class 0x010802 PCIe Endpoint
[    0.132581] pci 0000:02:00.0: BAR 0 [mem 0x82500000-0x82503fff 64bit]
[    0.132594] pci 0000:02:00.0: BAR 2 [io  0x3000-0x30ff]
[    0.133141] pci 0000:00:1b.0: PCI bridge to [bus 02]
[    0.133229] pci 0000:03:00.0: [14e4:43ba] type 00 class 0x028000 PCIe Endpoint
[    0.133262] pci 0000:03:00.0: BAR 0 [mem 0x82400000-0x82407fff 64bit]
[    0.133285] pci 0000:03:00.0: BAR 2 [mem 0x82000000-0x823fffff 64bit]
[    0.133421] pci 0000:03:00.0: supports D1 D2
[    0.133423] pci 0000:03:00.0: PME# supported from D0 D1 D2 D3hot D3cold
[    0.133670] pci 0000:00:1c.0: PCI bridge to [bus 03]
[    0.134642] ACPI: PCI: Interrupt link LNKA configured for IRQ 0
[    0.134701] ACPI: PCI: Interrupt link LNKB configured for IRQ 0
[    0.134751] ACPI: PCI: Interrupt link LNKC configured for IRQ 0
[    0.134801] ACPI: PCI: Interrupt link LNKD configured for IRQ 0
[    0.134851] ACPI: PCI: Interrupt link LNKE configured for IRQ 0
[    0.134900] ACPI: PCI: Interrupt link LNKF configured for IRQ 0
[    0.134950] ACPI: PCI: Interrupt link LNKG configured for IRQ 0
[    0.134999] ACPI: PCI: Interrupt link LNKH configured for IRQ 0
[    0.136213] ACPI: EC: interrupt unblocked
[    0.136215] ACPI: EC: event unblocked
[    0.136219] ACPI: EC: EC_CMD/EC_SC=0x66, EC_DATA=0x62
[    0.136221] ACPI: EC: GPE=0x7
[    0.136222] ACPI: \_SB_.PCI0.LPCB.EC__: Boot ECDT EC initialization complete
[    0.136223] ACPI: \_SB_.PCI0.LPCB.EC__: EC: Used to handle transactions and events
[    0.136287] iommu: Default domain type: Translated
[    0.136287] iommu: DMA domain TLB invalidation policy: lazy mode
[    0.136287] pps_core: LinuxPPS API ver. 1 registered
[    0.136287] pps_core: Software ver. 5.3.6 - Copyright 2005-2007 Rodolfo Giometti <giometti@linux.it>
[    0.136287] PTP clock support registered
[    0.136287] EDAC MC: Ver: 3.0.0
[    0.136287] efivars: Registered efivars operations
[    0.136287] NetLabel: Initializing
[    0.136287] NetLabel:  domain hash size = 128
[    0.136287] NetLabel:  protocols = UNLABELED CIPSOv4 CALIPSO
[    0.136287] NetLabel:  unlabeled traffic allowed by default
[    0.136287] PCI: Using ACPI for IRQ routing
[    0.143734] PCI: pci_cache_line_size set to 64 bytes
[    0.144267] e820: reserve RAM buffer [mem 0x00058000-0x0005ffff]
[    0.144269] e820: reserve RAM buffer [mem 0x0009e000-0x0009ffff]
[    0.144270] e820: reserve RAM buffer [mem 0x718b8018-0x73ffffff]
[    0.144271] e820: reserve RAM buffer [mem 0x718ca018-0x73ffffff]
[    0.144272] e820: reserve RAM buffer [mem 0x73dce000-0x73ffffff]
[    0.144273] e820: reserve RAM buffer [mem 0x74cc5000-0x77ffffff]
[    0.144274] e820: reserve RAM buffer [mem 0x74f4e000-0x77ffffff]
[    0.144275] e820: reserve RAM buffer [mem 0x7ab9f000-0x7bffffff]
[    0.144276] e820: reserve RAM buffer [mem 0x7b000000-0x7bffffff]
[    0.144277] e820: reserve RAM buffer [mem 0x47f000000-0x47fffffff]
[    0.144304] pci 0000:01:00.0: vgaarb: setting as boot VGA device
[    0.144304] pci 0000:01:00.0: vgaarb: bridge control possible
[    0.144304] pci 0000:01:00.0: vgaarb: VGA device added: decodes=io+mem,owns=none,locks=none
[    0.144304] vgaarb: loaded
[    0.144304] clocksource: Switched to clocksource tsc-early
[    0.144304] VFS: Disk quotas dquot_6.6.0
[    0.144304] VFS: Dquot-cache hash table entries: 512 (order 0, 4096 bytes)
[    0.144304] AppArmor: AppArmor Filesystem Enabled
[    0.144304] pnp: PnP ACPI init
[    0.144304] system 00:00: [io  0xffff] has been reserved
[    0.144304] system 00:00: [io  0x1800-0x18fe] has been reserved
[    0.144304] system 00:00: [io  0x0800-0x087f] has been reserved
[    0.144304] system 00:03: [mem 0xfed10000-0xfed17fff] has been reserved
[    0.144304] system 00:03: [mem 0xfed18000-0xfed18fff] has been reserved
[    0.144304] system 00:03: [mem 0xfed19000-0xfed19fff] has been reserved
[    0.144304] system 00:03: [mem 0xe0000000-0xefffffff] has been reserved
[    0.144304] system 00:03: [mem 0xfed20000-0xfed3ffff] has been reserved
[    0.144304] system 00:03: [mem 0xfed90000-0xfed93fff] could not be reserved
[    0.144304] system 00:03: [mem 0xfed45000-0xfed8ffff] has been reserved
[    0.144304] system 00:03: [mem 0xff000000-0xffffffff] could not be reserved
[    0.144304] system 00:03: [mem 0xfee00000-0xfeefffff] has been reserved
[    0.144304] system 00:03: [mem 0xfd000000-0xfdffffff] has been reserved
[    0.144304] system 00:03: [mem 0xfe000000-0xfe00ffff] has been reserved
[    0.144304] system 00:03: [mem 0xfe010000-0xfe010fff] has been reserved
[    0.144304] system 00:03: [mem 0xfe020000-0xfe035fff] has been reserved
[    0.144304] system 00:03: [mem 0xfe036000-0xfe03bfff] has been reserved
[    0.144304] system 00:03: [mem 0xfe03c000-0xfe03cfff] has been reserved
[    0.144304] system 00:03: [mem 0xfe03d000-0xfe0bffff] has been reserved
[    0.144304] system 00:03: [mem 0xfe0c0000-0xfe0fffff] has been reserved
[    0.144304] system 00:03: [mem 0xfe100000-0xfe1fffff] has been reserved
[    0.144304] system 00:03: [mem 0xfe200000-0xfe3fffff] has been reserved
[    0.144304] system 00:03: [mem 0xfe400000-0xfe40ffff] has been reserved
[    0.144304] system 00:03: [mem 0xfe410000-0xfe5fffff] has been reserved
[    0.144304] system 00:03: [mem 0xfe600000-0xfe7fffff] has been reserved
[    0.144304] system 00:04: [mem 0x20000000-0x201fffff] could not be reserved
[    0.144304] system 00:04: [mem 0x40000000-0x401fffff] could not be reserved
[    0.144304] pnp: PnP ACPI: found 5 devices
[    0.144304] pci 0000:01:00.0: assigning 68 device properties
[    0.144304] apple-properties: device path parse error -19 at 0x14:
[    0.144304] apple-properties: 00000000: b2 01 00 00 04 00 00 00 02 01 0c 00 d0 41 03 0a  .............A..
[    0.144304] apple-properties: 00000010: 00 00 00 00 01 01 06 00 00 02 7f ff 04 00 1e 00  ................
[    0.144304] apple-properties: 00000020: 00 00 73 00 61 00 76 00 65 00 64 00 2d 00 63 00  ..s.a.v.e.d.-.c.
[    0.144304] apple-properties: 00000030: 6f 00 6e 00 66 00 69 00 67 00 00 00 ee 00 00 00  o.n.f.i.g.......
[    0.144304] apple-properties: 00000040: 47 00 00 00 00 00 00 00 00 00 00 00 00 00 00 00  G...............
[    0.144304] apple-properties: 00000050: 00 00 03 00 06 00 1b 59 00 6c 05 00 00 00 00 00  .......Y.l......
[    0.144304] apple-properties: 00000060: 00 00 00 00 00 00 00 00 00 00 00 00 00 00 00 00  ................
[    0.144304] apple-properties: 00000070: 00 00 00 00 00 00 00 00 00 00 00 00 00 00 00 00  ................
[    0.144304] apple-properties: 00000080: 00 00 00 00 00 00 00 01 01 01 01 00 06 10 30 a0  ..............0.
[    0.144304] apple-properties: 00000090: 02 03 40 00 00 00 00 00 00 00 00 02 c0 eb 9a 13  ..@.............
[    0.144304] apple-properties: 000000a0: 40 0b 08 07 50 00 00 00 34 00 00 00 08 00 20 00  @...P...4..... .
[    0.144304] apple-properties: 000000b0: 26 00 08 00 20 0d 34 08 69 00 01 00 01 00 00 00  &... .4.i.......
[    0.144304] apple-properties: 000000c0: 00 00 00 00 00 00 00 00 00 00 00 00 00 00 00 00  ................
[    0.144304] apple-properties: 000000d0: 00 00 00 00 00 00 00 00 00 00 00 00 00 00 00 00  ................
[    0.144304] apple-properties: 000000e0: 00 00 00 00 00 00 00 00 00 00 00 00 00 00 00 00  ................
[    0.144304] apple-properties: 000000f0: 00 00 00 00 00 00 00 00 00 00 00 00 00 00 00 00  ................
[    0.144304] apple-properties: 00000100: 00 00 00 00 00 00 00 00 00 00 00 00 00 00 00 00  ................
[    0.144304] apple-properties: 00000110: 00 00 00 00 00 00 00 00 00 00 00 00 00 00 00 00  ................
[    0.144304] apple-properties: 00000120: 00 00 00 00 00 00 00 00 00 00 2c 00 00 00 41 00  ..........,...A.
[    0.144304] apple-properties: 00000130: 41 00 50 00 4c 00 2c 00 69 00 67 00 2d 00 70 00  A.P.L.,.i.g.-.p.
[    0.144304] apple-properties: 00000140: 6c 00 61 00 74 00 66 00 6f 00 72 00 6d 00 2d 00  l.a.t.f.o.r.m.-.
[    0.144304] apple-properties: 00000150: 69 00 64 00 00 00 08 00 00 00 06 00 1b 59 20 00  i.d..........Y .
[    0.144304] apple-properties: 00000160: 00 00 41 00 41 00 50 00 4c 00 2c 00 47 00 66 00  ..A.A.P.L.,.G.f.
[    0.144304] apple-properties: 00000170: 78 00 59 00 54 00 69 00 6c 00 65 00 00 00 08 00  x.Y.T.i.l.e.....
[    0.144304] apple-properties: 00000180: 00 00 01 00 00 00 24 00 00 00 67 00 72 00 61 00  ......$...g.r.a.
[    0.144304] apple-properties: 00000190: 70 00 68 00 69 00 63 00 2d 00 6f 00 70 00 74 00  p.h.i.c.-.o.p.t.
[    0.144304] apple-properties: 000001a0: 69 00 6f 00 6e 00 73 00 00 00 08 00 00 00 0c 00  i.o.n.s.........
[    0.144304] apple-properties: 000001b0: 00 00                                            ..
[    0.144304] pci 0000:06:00.0: assigning 8 device properties
[    0.144304] pci 0000:7c:00.0: assigning 8 device properties
[    0.144304] pci 0000:00:1f.3: assigning 4 device properties
[    0.148588] clocksource: acpi_pm: mask: 0xffffff max_cycles: 0xffffff, max_idle_ns: 2085701024 ns
[    0.148629] pci 0000:00:1f.1: [8086:a120] type 00 class 0x058000 conventional PCI endpoint
[    0.148688] pci 0000:00:1f.1: BAR 0 [mem 0xfd000000-0xfdffffff 64bit]
[    0.148957] NET: Registered PF_INET protocol family
[    0.149070] IP idents hash table entries: 262144 (order: 9, 2097152 bytes, linear)
[    0.161764] tcp_listen_portaddr_hash hash table entries: 8192 (order: 5, 131072 bytes, linear)
[    0.161787] Table-perturb hash table entries: 65536 (order: 6, 262144 bytes, linear)
[    0.161818] TCP established hash table entries: 131072 (order: 8, 1048576 bytes, linear)
[    0.161988] TCP bind hash table entries: 65536 (order: 9, 2097152 bytes, linear)
[    0.162176] TCP: Hash tables configured (established 131072 bind 65536)
[    0.162242] MPTCP token hash table entries: 16384 (order: 6, 393216 bytes, linear)
[    0.162276] UDP hash table entries: 8192 (order: 6, 262144 bytes, linear)
[    0.162307] UDP-Lite hash table entries: 8192 (order: 6, 262144 bytes, linear)
[    0.162355] NET: Registered PF_UNIX/PF_LOCAL protocol family
[    0.162361] NET: Registered PF_XDP protocol family
[    0.162373] pci 0000:05:02.0: bridge window [io  0x1000-0x0fff] to [bus 07] add_size 1000
[    0.162377] pci 0000:05:02.0: bridge window [mem 0x00100000-0x000fffff 64bit pref] to [bus 07] add_size 200000 add_align 100000
[    0.162381] pci 0000:7b:02.0: bridge window [io  0x1000-0x0fff] to [bus 7d] add_size 1000
[    0.162383] pci 0000:7b:02.0: bridge window [mem 0x00100000-0x000fffff 64bit pref] to [bus 7d] add_size 200000 add_align 100000
[    0.162391] pci 0000:00:1f.3: BAR 4 [mem 0x4000000000-0x400000ffff 64bit]: assigned
[    0.162417] pci 0000:00:01.0: PCI bridge to [bus 01]
[    0.162419] pci 0000:00:01.0:   bridge window [io  0x4000-0x4fff]
[    0.162425] pci 0000:00:01.0:   bridge window [mem 0x82600000-0x826fffff]
[    0.162430] pci 0000:00:01.0:   bridge window [mem 0xb0000000-0xc01fffff 64bit pref]
[    0.162440] pci 0000:05:02.0: bridge window [mem size 0x00200000 64bit pref]: can't assign; no space
[    0.162442] pci 0000:05:02.0: bridge window [mem size 0x00200000 64bit pref]: failed to assign
[    0.162444] pci 0000:05:02.0: bridge window [io  size 0x1000]: can't assign; no space
[    0.162445] pci 0000:05:02.0: bridge window [io  size 0x1000]: failed to assign
[    0.162447] pci 0000:05:02.0: bridge window [mem size 0x00200000 64bit pref]: can't assign; no space
[    0.162449] pci 0000:05:02.0: bridge window [mem size 0x00200000 64bit pref]: failed to assign
[    0.162450] pci 0000:05:02.0: bridge window [io  size 0x1000]: can't assign; no space
[    0.162451] pci 0000:05:02.0: bridge window [io  size 0x1000]: failed to assign
[    0.162453] pci 0000:05:00.0: PCI bridge to [bus 06]
[    0.162460] pci 0000:05:00.0:   bridge window [mem 0x82900000-0x829fffff]
[    0.162474] pci 0000:05:01.0: PCI bridge to [bus 08-40]
[    0.162476] pci 0000:05:01.0:   bridge window [io  0x6000-0x7fff]
[    0.162483] pci 0000:05:01.0:   bridge window [mem 0x82a00000-0x899fffff]
[    0.162488] pci 0000:05:01.0:   bridge window [mem 0xc0200000-0xc71fffff 64bit pref]
[    0.162498] pci 0000:07:00.0: BAR 0 [mem 0x82800000-0x8280ffff]: assigned
[    0.162503] pci 0000:05:02.0: PCI bridge to [bus 07]
[    0.162510] pci 0000:05:02.0:   bridge window [mem 0x82800000-0x828fffff]
[    0.162524] pci 0000:05:04.0: PCI bridge to [bus 41-79]
[    0.162526] pci 0000:05:04.0:   bridge window [io  0x8000-0x9fff]
[    0.162533] pci 0000:05:04.0:   bridge window [mem 0x89a00000-0x909fffff]
[    0.162538] pci 0000:05:04.0:   bridge window [mem 0xc7200000-0xce1fffff 64bit pref]
[    0.162547] pci 0000:04:00.0: PCI bridge to [bus 05-79]
[    0.162549] pci 0000:04:00.0:   bridge window [io  0x6000-0x9fff]
[    0.162556] pci 0000:04:00.0:   bridge window [mem 0x82800000-0x909fffff]
[    0.162561] pci 0000:04:00.0:   bridge window [mem 0xc0200000-0xce1fffff 64bit pref]
[    0.162571] pci 0000:00:01.1: PCI bridge to [bus 04-79]
[    0.162572] pci 0000:00:01.1:   bridge window [io  0x6000-0x9fff]
[    0.162578] pci 0000:00:01.1:   bridge window [mem 0x82800000-0x909fffff]
[    0.162582] pci 0000:00:01.1:   bridge window [mem 0xc0200000-0xce1fffff 64bit pref]
[    0.162592] pci 0000:7b:02.0: bridge window [mem size 0x00200000 64bit pref]: can't assign; no space
[    0.162593] pci 0000:7b:02.0: bridge window [mem size 0x00200000 64bit pref]: failed to assign
[    0.162595] pci 0000:7b:02.0: bridge window [io  size 0x1000]: can't assign; no space
[    0.162596] pci 0000:7b:02.0: bridge window [io  size 0x1000]: failed to assign
[    0.162598] pci 0000:7b:02.0: bridge window [mem size 0x00200000 64bit pref]: can't assign; no space
[    0.162599] pci 0000:7b:02.0: bridge window [mem size 0x00200000 64bit pref]: failed to assign
[    0.162600] pci 0000:7b:02.0: bridge window [io  size 0x1000]: can't assign; no space
[    0.162602] pci 0000:7b:02.0: bridge window [io  size 0x1000]: failed to assign
[    0.162603] pci 0000:7b:00.0: PCI bridge to [bus 7c]
[    0.162610] pci 0000:7b:00.0:   bridge window [mem 0x90b00000-0x90bfffff]
[    0.162623] pci 0000:7b:01.0: PCI bridge to [bus 7e-b6]
[    0.162625] pci 0000:7b:01.0:   bridge window [io  0xa000-0xbfff]
[    0.162632] pci 0000:7b:01.0:   bridge window [mem 0x90c00000-0x97bfffff]
[    0.162637] pci 0000:7b:01.0:   bridge window [mem 0xce200000-0xd51fffff 64bit pref]
[    0.162647] pci 0000:7d:00.0: BAR 0 [mem 0x90a00000-0x90a0ffff]: assigned
[    0.162652] pci 0000:7b:02.0: PCI bridge to [bus 7d]
[    0.162659] pci 0000:7b:02.0:   bridge window [mem 0x90a00000-0x90afffff]
[    0.162672] pci 0000:7b:04.0: PCI bridge to [bus b7-ef]
[    0.162674] pci 0000:7b:04.0:   bridge window [io  0xc000-0xdfff]
[    0.162681] pci 0000:7b:04.0:   bridge window [mem 0x97c00000-0x9ebfffff]
[    0.162686] pci 0000:7b:04.0:   bridge window [mem 0xd5200000-0xdc1fffff 64bit pref]
[    0.162696] pci 0000:7a:00.0: PCI bridge to [bus 7b-ef]
[    0.162697] pci 0000:7a:00.0:   bridge window [io  0xa000-0xdfff]
[    0.162704] pci 0000:7a:00.0:   bridge window [mem 0x90a00000-0x9ebfffff]
[    0.162710] pci 0000:7a:00.0:   bridge window [mem 0xce200000-0xdc1fffff 64bit pref]
[    0.162719] pci 0000:00:01.2: PCI bridge to [bus 7a-ef]
[    0.162720] pci 0000:00:01.2:   bridge window [io  0xa000-0xdfff]
[    0.162726] pci 0000:00:01.2:   bridge window [mem 0x90a00000-0x9ebfffff]
[    0.162731] pci 0000:00:01.2:   bridge window [mem 0xce200000-0xdc1fffff 64bit pref]
[    0.162739] pci 0000:00:1b.0: PCI bridge to [bus 02]
[    0.162752] pci 0000:00:1b.0:   bridge window [io  0x3000-0x3fff]
[    0.162759] pci 0000:00:1b.0:   bridge window [mem 0x82500000-0x825fffff]
[    0.162772] pci 0000:00:1c.0: PCI bridge to [bus 03]
[    0.162781] pci 0000:00:1c.0:   bridge window [mem 0x82000000-0x824fffff]
[    0.162795] pci_bus 0000:00: resource 4 [io  0x0000-0x0cf7 window]
[    0.162796] pci_bus 0000:00: resource 5 [io  0x0d00-0xffff window]
[    0.162798] pci_bus 0000:00: resource 6 [mem 0x000a0000-0x000fffff window]
[    0.162799] pci_bus 0000:00: resource 7 [mem 0x80000000-0xfeafffff window]
[    0.162800] pci_bus 0000:00: resource 8 [mem 0x4000000000-0x7fffffffff window]
[    0.162802] pci_bus 0000:01: resource 0 [io  0x4000-0x4fff]
[    0.162803] pci_bus 0000:01: resource 1 [mem 0x82600000-0x826fffff]
[    0.162804] pci_bus 0000:01: resource 2 [mem 0xb0000000-0xc01fffff 64bit pref]
[    0.162806] pci_bus 0000:04: resource 0 [io  0x6000-0x9fff]
[    0.162807] pci_bus 0000:04: resource 1 [mem 0x82800000-0x909fffff]
[    0.162808] pci_bus 0000:04: resource 2 [mem 0xc0200000-0xce1fffff 64bit pref]
[    0.162810] pci_bus 0000:05: resource 0 [io  0x6000-0x9fff]
[    0.162811] pci_bus 0000:05: resource 1 [mem 0x82800000-0x909fffff]
[    0.162812] pci_bus 0000:05: resource 2 [mem 0xc0200000-0xce1fffff 64bit pref]
[    0.162813] pci_bus 0000:06: resource 1 [mem 0x82900000-0x829fffff]
[    0.162815] pci_bus 0000:08: resource 0 [io  0x6000-0x7fff]
[    0.162816] pci_bus 0000:08: resource 1 [mem 0x82a00000-0x899fffff]
[    0.162817] pci_bus 0000:08: resource 2 [mem 0xc0200000-0xc71fffff 64bit pref]
[    0.162819] pci_bus 0000:07: resource 1 [mem 0x82800000-0x828fffff]
[    0.162820] pci_bus 0000:41: resource 0 [io  0x8000-0x9fff]
[    0.162821] pci_bus 0000:41: resource 1 [mem 0x89a00000-0x909fffff]
[    0.162822] pci_bus 0000:41: resource 2 [mem 0xc7200000-0xce1fffff 64bit pref]
[    0.162824] pci_bus 0000:7a: resource 0 [io  0xa000-0xdfff]
[    0.162825] pci_bus 0000:7a: resource 1 [mem 0x90a00000-0x9ebfffff]
[    0.162826] pci_bus 0000:7a: resource 2 [mem 0xce200000-0xdc1fffff 64bit pref]
[    0.162827] pci_bus 0000:7b: resource 0 [io  0xa000-0xdfff]
[    0.162829] pci_bus 0000:7b: resource 1 [mem 0x90a00000-0x9ebfffff]
[    0.162830] pci_bus 0000:7b: resource 2 [mem 0xce200000-0xdc1fffff 64bit pref]
[    0.162831] pci_bus 0000:7c: resource 1 [mem 0x90b00000-0x90bfffff]
[    0.162832] pci_bus 0000:7e: resource 0 [io  0xa000-0xbfff]
[    0.162834] pci_bus 0000:7e: resource 1 [mem 0x90c00000-0x97bfffff]
[    0.162835] pci_bus 0000:7e: resource 2 [mem 0xce200000-0xd51fffff 64bit pref]
[    0.162836] pci_bus 0000:7d: resource 1 [mem 0x90a00000-0x90afffff]
[    0.162838] pci_bus 0000:b7: resource 0 [io  0xc000-0xdfff]
[    0.162839] pci_bus 0000:b7: resource 1 [mem 0x97c00000-0x9ebfffff]
[    0.162840] pci_bus 0000:b7: resource 2 [mem 0xd5200000-0xdc1fffff 64bit pref]
[    0.162841] pci_bus 0000:02: resource 0 [io  0x3000-0x3fff]
[    0.162843] pci_bus 0000:02: resource 1 [mem 0x82500000-0x825fffff]
[    0.162844] pci_bus 0000:03: resource 1 [mem 0x82000000-0x824fffff]
[    0.163319] pci 0000:01:00.1: D0 power state depends on 0000:01:00.0
[    0.163466] pci 0000:07:00.0: enabling device (0000 -> 0002)
[    0.163663] pci 0000:7d:00.0: enabling device (0000 -> 0002)
[    0.163925] PCI: CLS 256 bytes, default 64
[    0.163933] DMAR: ACPI device "device:91" under DMAR at fed91000 as 00:15.0
[    0.163936] DMAR: ACPI device "device:92" under DMAR at fed91000 as 00:1e.2
[    0.163938] DMAR: ACPI device "device:93" under DMAR at fed91000 as 00:1e.3
[    0.163940] DMAR: Failed to find handle for ACPI object \_SB.PCI0.UA00
[    0.163945] DMAR: Failed to find handle for ACPI object \_SB.PCI0.UA01
[    0.163948] DMAR: Failed to find handle for ACPI object \_SB.PCI0.UA02
[    0.163959] DMAR: No ATSR found
[    0.163960] DMAR: No SATC found
[    0.163961] DMAR: dmar1: Using Queued invalidation
[    0.163973] Trying to unpack rootfs image as initramfs...
[    0.164000] pci 0000:00:00.0: Adding to iommu group 0
[    0.164025] pci 0000:00:01.0: Adding to iommu group 1
[    0.164034] pci 0000:00:01.1: Adding to iommu group 1
[    0.164043] pci 0000:00:01.2: Adding to iommu group 1
[    0.164058] pci 0000:00:14.0: Adding to iommu group 2
[    0.164071] pci 0000:00:15.0: Adding to iommu group 3
[    0.164084] pci 0000:00:16.0: Adding to iommu group 4
[    0.164097] pci 0000:00:19.0: Adding to iommu group 5
[    0.164119] pci 0000:00:1b.0: Adding to iommu group 6
[    0.164135] pci 0000:00:1c.0: Adding to iommu group 7
[    0.164161] pci 0000:00:1e.0: Adding to iommu group 8
[    0.164171] pci 0000:00:1e.1: Adding to iommu group 8
[    0.164180] pci 0000:00:1e.2: Adding to iommu group 8
[    0.164189] pci 0000:00:1e.3: Adding to iommu group 8
[    0.164216] pci 0000:00:1f.0: Adding to iommu group 9
[    0.164225] pci 0000:00:1f.2: Adding to iommu group 9
[    0.164235] pci 0000:00:1f.3: Adding to iommu group 9
[    0.164245] pci 0000:00:1f.4: Adding to iommu group 9
[    0.164248] pci 0000:01:00.0: Adding to iommu group 1
[    0.164252] pci 0000:01:00.1: Adding to iommu group 1
[    0.164256] pci 0000:04:00.0: Adding to iommu group 1
[    0.164260] pci 0000:05:00.0: Adding to iommu group 1
[    0.164264] pci 0000:05:01.0: Adding to iommu group 1
[    0.164268] pci 0000:05:02.0: Adding to iommu group 1
[    0.164271] pci 0000:05:04.0: Adding to iommu group 1
[    0.164276] pci 0000:06:00.0: Adding to iommu group 1
[    0.164279] pci 0000:07:00.0: Adding to iommu group 1
[    0.164284] pci 0000:7a:00.0: Adding to iommu group 1
[    0.164287] pci 0000:7b:00.0: Adding to iommu group 1
[    0.164291] pci 0000:7b:01.0: Adding to iommu group 1
[    0.164295] pci 0000:7b:02.0: Adding to iommu group 1
[    0.164299] pci 0000:7b:04.0: Adding to iommu group 1
[    0.164302] pci 0000:7c:00.0: Adding to iommu group 1
[    0.164306] pci 0000:7d:00.0: Adding to iommu group 1
[    0.164328] pci 0000:02:00.0: Adding to iommu group 10
[    0.164350] pci 0000:03:00.0: Adding to iommu group 11
[    0.165059] DMAR: Intel(R) Virtualization Technology for Directed I/O
[    0.165062] PCI-DMA: Using software bounce buffering for IO (SWIOTLB)
[    0.165063] software IO TLB: mapped [mem 0x0000000066dee000-0x000000006adee000] (64MB)
[    0.165491] Initialise system trusted keyrings
[    0.165499] Key type blacklist registered
[    0.165542] workingset: timestamp_bits=36 max_order=22 bucket_order=0
[    0.165550] zbud: loaded
[    0.165620] fuse: init (API version 7.39)
[    0.165727] integrity: Platform Keyring initialized
[    0.165731] integrity: Machine keyring initialized
[    0.165732] Key type asymmetric registered
[    0.165733] Asymmetric key parser 'x509' registered
[    0.615022] Freeing initrd memory: 80476K
[    0.619365] Block layer SCSI generic (bsg) driver version 0.4 loaded (major 247)
[    0.619391] io scheduler mq-deadline registered
[    0.620857] pcieport 0000:05:01.0: pciehp: Slot #1 AttnBtn- PwrCtrl- MRL- AttnInd- PwrInd- HotPlug+ Surprise+ Interlock- NoCompl+ IbPresDis- LLActRep+
[    0.621036] pcieport 0000:05:02.0: pciehp: Slot #0 AttnBtn- PwrCtrl- MRL- AttnInd- PwrInd- HotPlug+ Surprise+ Interlock- NoCompl+ IbPresDis- LLActRep+
[    0.621220] pcieport 0000:05:04.0: pciehp: Slot #4 AttnBtn- PwrCtrl- MRL- AttnInd- PwrInd- HotPlug+ Surprise+ Interlock- NoCompl+ IbPresDis- LLActRep+
[    0.621582] pcieport 0000:7b:01.0: pciehp: Slot #1 AttnBtn- PwrCtrl- MRL- AttnInd- PwrInd- HotPlug+ Surprise+ Interlock- NoCompl+ IbPresDis- LLActRep+
[    0.621739] pcieport 0000:7b:02.0: pciehp: Slot #0 AttnBtn- PwrCtrl- MRL- AttnInd- PwrInd- HotPlug+ Surprise+ Interlock- NoCompl+ IbPresDis- LLActRep+
[    0.621905] pcieport 0000:7b:04.0: pciehp: Slot #4 AttnBtn- PwrCtrl- MRL- AttnInd- PwrInd- HotPlug+ Surprise+ Interlock- NoCompl+ IbPresDis- LLActRep+
[    0.622032] shpchp: Standard Hot Plug PCI Controller Driver version: 0.4
[    0.623815] Serial: 8250/16550 driver, 4 ports, IRQ sharing enabled
[    0.624422] Linux agpgart interface v0.103
[    0.624879] i8042: PNP: No PS/2 controller found.
[    0.624917] mousedev: PS/2 mouse device common for all mice
[    0.624928] rtc_cmos 00:01: RTC can wake from S4
[    0.625630] rtc_cmos 00:01: registered as rtc0
[    0.625865] rtc_cmos 00:01: setting system clock to 2024-06-12T19:50:00 UTC (1718221800)
[    0.625897] rtc_cmos 00:01: alarms up to one month, y3k, 242 bytes nvram
[    0.626201] intel_pstate: Intel P-state driver initializing
[    0.626672] intel_pstate: Disabling energy efficiency optimization
[    0.626673] intel_pstate: HWP enabled
[    0.626850] ledtrig-cpu: registered to indicate activity on CPUs
[    0.626975] efifb: probing for efifb
[    0.627023] efifb: framebuffer at 0xb0300000, using 29400k, total 29400k
[    0.627025] efifb: mode is 3360x2100x32, linelength=14336, pages=1
[    0.627026] efifb: scrolling: redraw
[    0.627027] efifb: Truecolor: size=8:8:8:8, shift=24:16:8:0
[    0.627096] Console: switching to colour frame buffer device 210x65
[    0.633679] fb0: EFI VGA frame buffer device
[    0.633833] NET: Registered PF_INET6 protocol family
[    0.637945] Segment Routing with IPv6
[    0.637953] In-situ OAM (IOAM) with IPv6
[    0.637971] mip6: Mobile IPv6
[    0.637974] NET: Registered PF_PACKET protocol family
[    0.638092] mpls_gso: MPLS GSO support
[    0.638741] ENERGY_PERF_BIAS: Set to 'normal', was 'performance'
[    0.638961] microcode: Current revision: 0x000000f8
[    0.639248] IPI shorthand broadcast: enabled
[    0.640235] sched_clock: Marking stable (637533724, 1702467)->(675231617, -35995426)
[    0.640465] registered taskstats version 1
[    0.640542] Loading compiled-in X.509 certificates
[    0.654653] Loaded X.509 cert 'Build time autogenerated kernel key: 5074cd6907c9af0896adabe46ab51220a9ca7ba0'
[    0.656300] Key type .fscrypt registered
[    0.656302] Key type fscrypt-provisioning registered
[    0.664005] cryptd: max_cpu_qlen set to 1000
[    0.672066] AVX2 version of gcm_enc/dec engaged.
[    0.672126] AES CTR mode by8 optimization enabled
[    0.704405] Key type encrypted registered
[    0.704411] AppArmor: AppArmor sha256 policy hashing enabled
[    0.719367] ima: No TPM chip found, activating TPM-bypass!
[    0.719373] ima: Allocated hash algorithm: sha256
[    0.719383] ima: No architecture policies found
[    0.719394] evm: Initialising EVM extended attributes:
[    0.719395] evm: security.selinux
[    0.719396] evm: security.SMACK64 (disabled)
[    0.719397] evm: security.SMACK64EXEC (disabled)
[    0.719398] evm: security.SMACK64TRANSMUTE (disabled)
[    0.719399] evm: security.SMACK64MMAP (disabled)
[    0.719400] evm: security.apparmor
[    0.719401] evm: security.ima
[    0.719402] evm: security.capability
[    0.719403] evm: HMAC attrs: 0x1
[    0.832194] RAS: Correctable Errors collector initialized.
[    0.832277] clk: Disabling unused clocks
[    0.833168] Freeing unused decrypted memory: 2028K
[    0.833595] Freeing unused kernel image (initmem) memory: 4028K
[    0.833646] Write protecting the kernel read-only data: 28672k
[    0.834213] Freeing unused kernel image (rodata/data gap) memory: 1528K
[    0.874700] x86/mm: Checked W+X mappings: passed, no W+X pages found.
[    0.874701] x86/mm: Checking user space page tables
[    0.912662] x86/mm: Checked W+X mappings: passed, no W+X pages found.
[    0.912693] Run /init as init process
[    0.912695]   with arguments:
[    0.912696]     /init
[    0.912697]     splash
[    0.912698]   with environment:
[    0.912699]     HOME=/
[    0.912699]     TERM=linux
[    0.912700]     BOOT_IMAGE=/boot/vmlinuz-6.8.11-amd64
[    1.072833] input: Lid Switch as /devices/LNXSYSTM:00/LNXSYBUS:00/PNP0C0D:00/input/input0
[    1.075668] ACPI: video: [Firmware Bug]: ACPI(GFX0) defines _DOD but not _DOS
[    1.075689] ACPI: video: Video Device [GFX0] (multi-head: yes  rom: no  post: no)
[    1.075959] input: Video Bus as /devices/LNXSYSTM:00/LNXSYBUS:00/PNP0A08:00/device:01/LNXVIDEO:00/input/input1
[    1.091575] ACPI: button: Lid Switch [LID0]
[    1.091583] i801_smbus 0000:00:1f.4: SPD Write Disable is set
[    1.091617] i801_smbus 0000:00:1f.4: SMBus using PCI interrupt
[    1.091628] input: Power Button as /devices/LNXSYSTM:00/LNXSYBUS:00/PNP0C0C:00/input/input2
[    1.091661] ACPI: button: Power Button [PWRB]
[    1.091702] input: Sleep Button as /devices/LNXSYSTM:00/LNXSYBUS:00/PNP0C0E:00/input/input3
[    1.091733] ACPI: button: Sleep Button [SLPB]
[    1.091765] input: Power Button as /devices/LNXSYSTM:00/LNXPWRBN:00/input/input4
[    1.091810] ACPI: button: Power Button [PWRF]
[    1.092006] i2c i2c-0: 2/2 memory slots populated (from DMI)
[    1.098229] intel-lpss 0000:00:15.0: enabling device (0000 -> 0002)
[    1.098713] platform idma64.0: Adding to iommu group 12
[    1.099127] idma64 idma64.0: Found Intel integrated DMA 64-bit
[    1.099338] platform i2c_designware.0: Adding to iommu group 13
[    1.105119] ACPI: bus type USB registered
[    1.105153] usbcore: registered new interface driver usbfs
[    1.105215] usbcore: registered new interface driver hub
[    1.105228] usbcore: registered new device driver usb
[    1.111839] ACPI: bus type thunderbolt registered
[    1.112392] thunderbolt 0000:06:00.0: device links to tunneled native ports are missing!
[    1.115553] intel-lpss 0000:00:19.0: enabling device (0000 -> 0002)
[    1.116081] dw-apb-uart.1: ttyS0 at MMIO 0x8272a000 (irq = 21, base_baud = 115200) is a 16550A
[    1.116364] serial serial0: tty port ttyS0 registered
[    1.128463] intel-lpss 0000:00:1e.0: enabling device (0000 -> 0002)
[    1.128783] idma64 idma64.2: Found Intel integrated DMA 64-bit
[    1.129092] dw-apb-uart.2: ttyS1 at MMIO 0x8272b000 (irq = 20, base_baud = 3000000) is a 16550A
[    1.129354] serial serial1: tty port ttyS1 registered
[    1.131244] ACPI: bus type drm_connector registered
[    1.135749] xhci_hcd 0000:00:14.0: xHCI Host Controller
[    1.135756] xhci_hcd 0000:00:14.0: new USB bus registered, assigned bus number 1
[    1.136900] xhci_hcd 0000:00:14.0: hcc params 0x200077c1 hci version 0x100 quirks 0x0000000001109810
[    1.137184] xhci_hcd 0000:00:14.0: xHCI Host Controller
[    1.137188] xhci_hcd 0000:00:14.0: new USB bus registered, assigned bus number 2
[    1.137191] xhci_hcd 0000:00:14.0: Host supports USB 3.0 SuperSpeed
[    1.137223] usb usb1: New USB device found, idVendor=1d6b, idProduct=0002, bcdDevice= 6.08
[    1.137226] usb usb1: New USB device strings: Mfr=3, Product=2, SerialNumber=1
[    1.137227] usb usb1: Product: xHCI Host Controller
[    1.137228] usb usb1: Manufacturer: Linux 6.8.11-amd64 xhci-hcd
[    1.137229] usb usb1: SerialNumber: 0000:00:14.0
[    1.137330] hub 1-0:1.0: USB hub found
[    1.137358] hub 1-0:1.0: 16 ports detected
[    1.137771] usb usb2: New USB device found, idVendor=1d6b, idProduct=0003, bcdDevice= 6.08
[    1.137778] usb usb2: New USB device strings: Mfr=3, Product=2, SerialNumber=1
[    1.137781] usb usb2: Product: xHCI Host Controller
[    1.137783] usb usb2: Manufacturer: Linux 6.8.11-amd64 xhci-hcd
[    1.137785] usb usb2: SerialNumber: 0000:00:14.0
[    1.137936] hub 2-0:1.0: USB hub found
[    1.137976] hub 2-0:1.0: 8 ports detected
[    1.138435] xhci_hcd 0000:07:00.0: xHCI Host Controller
[    1.138440] xhci_hcd 0000:07:00.0: new USB bus registered, assigned bus number 3
[    1.139570] xhci_hcd 0000:07:00.0: hcc params 0x200077c1 hci version 0x110 quirks 0x0000000200009810
[    1.139818] xhci_hcd 0000:07:00.0: xHCI Host Controller
[    1.139820] xhci_hcd 0000:07:00.0: new USB bus registered, assigned bus number 4
[    1.139823] xhci_hcd 0000:07:00.0: Host supports USB 3.1 Enhanced SuperSpeed
[    1.139848] usb usb3: New USB device found, idVendor=1d6b, idProduct=0002, bcdDevice= 6.08
[    1.139851] usb usb3: New USB device strings: Mfr=3, Product=2, SerialNumber=1
[    1.139852] usb usb3: Product: xHCI Host Controller
[    1.139853] usb usb3: Manufacturer: Linux 6.8.11-amd64 xhci-hcd
[    1.139854] usb usb3: SerialNumber: 0000:07:00.0
[    1.139953] hub 3-0:1.0: USB hub found
[    1.139961] hub 3-0:1.0: 2 ports detected
[    1.140051] usb usb4: New USB device found, idVendor=1d6b, idProduct=0003, bcdDevice= 6.08
[    1.140053] usb usb4: New USB device strings: Mfr=3, Product=2, SerialNumber=1
[    1.140055] usb usb4: Product: xHCI Host Controller
[    1.140056] usb usb4: Manufacturer: Linux 6.8.11-amd64 xhci-hcd
[    1.140057] usb usb4: SerialNumber: 0000:07:00.0
[    1.140136] hub 4-0:1.0: USB hub found
[    1.140144] hub 4-0:1.0: 2 ports detected
[    1.140417] xhci_hcd 0000:7d:00.0: xHCI Host Controller
[    1.140421] xhci_hcd 0000:7d:00.0: new USB bus registered, assigned bus number 5
[    1.141386] thunderbolt 0000:7c:00.0: device links to tunneled native ports are missing!
[    1.141428] intel-lpss 0000:00:1e.1: enabling device (0000 -> 0002)
[    1.141610] xhci_hcd 0000:7d:00.0: hcc params 0x200077c1 hci version 0x110 quirks 0x0000000200009810
[    1.141823] idma64 idma64.3: Found Intel integrated DMA 64-bit
[    1.141976] xhci_hcd 0000:7d:00.0: xHCI Host Controller
[    1.141981] xhci_hcd 0000:7d:00.0: new USB bus registered, assigned bus number 6
[    1.141984] xhci_hcd 0000:7d:00.0: Host supports USB 3.1 Enhanced SuperSpeed
[    1.142018] usb usb5: New USB device found, idVendor=1d6b, idProduct=0002, bcdDevice= 6.08
[    1.142021] usb usb5: New USB device strings: Mfr=3, Product=2, SerialNumber=1
[    1.142024] usb usb5: Product: xHCI Host Controller
[    1.142025] usb usb5: Manufacturer: Linux 6.8.11-amd64 xhci-hcd
[    1.142027] usb usb5: SerialNumber: 0000:7d:00.0
[    1.142088] dw-apb-uart.3: ttyS2 at MMIO 0x8272c000 (irq = 21, base_baud = 115200) is a 16550A
[    1.142146] hub 5-0:1.0: USB hub found
[    1.142154] hub 5-0:1.0: 2 ports detected
[    1.142281] usb usb6: New USB device found, idVendor=1d6b, idProduct=0003, bcdDevice= 6.08
[    1.142284] usb usb6: New USB device strings: Mfr=3, Product=2, SerialNumber=1
[    1.142287] usb usb6: Product: xHCI Host Controller
[    1.142288] usb usb6: Manufacturer: Linux 6.8.11-amd64 xhci-hcd
[    1.142290] usb usb6: SerialNumber: 0000:7d:00.0
[    1.142340] serial serial2: tty port ttyS2 registered
[    1.142405] hub 6-0:1.0: USB hub found
[    1.142416] hub 6-0:1.0: 2 ports detected
[    1.149670] nvme nvme0: pci function 0000:02:00.0
[    1.153780] intel-lpss 0000:00:1e.2: enabling device (0000 -> 0002)
[    1.154001] platform idma64.4: Adding to iommu group 14
[    1.154119] idma64 idma64.4: Found Intel integrated DMA 64-bit
[    1.154172] platform pxa2xx-spi.4: Adding to iommu group 15
[    1.165196] nvme nvme0: 1/0/0 default/read/poll queues
[    1.165715] tsc: Refined TSC clocksource calibration: 2903.999 MHz
[    1.165720] clocksource: tsc: mask: 0xffffffffffffffff max_cycles: 0x29dc050a48e, max_idle_ns: 440795325698 ns
[    1.165721] intel-lpss 0000:00:1e.3: enabling device (0000 -> 0002)
[    1.165775] clocksource: Switched to clocksource tsc
[    1.165952] platform idma64.5: Adding to iommu group 16
[    1.166047] idma64 idma64.5: Found Intel integrated DMA 64-bit
[    1.166071] platform pxa2xx-spi.5: Adding to iommu group 17
[    1.196234]  nvme0n1: p1 p2
[    1.241391] input: Apple SPI Keyboard as /devices/pci0000:00/0000:00:1e.3/pxa2xx-spi.5/spi_master/spi2/spi-APP000D:00/input/input5
[    1.243568] input: Apple SPI Touchpad as /devices/pci0000:00/0000:00:1e.3/pxa2xx-spi.5/spi_master/spi2/spi-APP000D:00/input/input6
[    1.244927] applespi spi-APP000D:00: modeswitch done.
[    1.393741] usb 1-3: new high-speed USB device number 2 using xhci_hcd
[    1.544760] usb 1-3: New USB device found, idVendor=05ac, idProduct=8600, bcdDevice= 1.01
[    1.544764] usb 1-3: New USB device strings: Mfr=1, Product=2, SerialNumber=0
[    1.544766] usb 1-3: Product: iBridge
[    1.544767] usb 1-3: Manufacturer: Apple Inc.
[    1.625773] usb 6-1: new SuperSpeed Plus Gen 2x1 USB device number 2 using xhci_hcd
[    1.627480] usb 4-2: new SuperSpeed USB device number 2 using xhci_hcd
[    1.647254] usb 6-1: New USB device found, idVendor=090c, idProduct=de80, bcdDevice= 1.00
[    1.647257] usb 6-1: New USB device strings: Mfr=1, Product=2, SerialNumber=3
[    1.647259] usb 6-1: Product: UE800
[    1.647260] usb 6-1: Manufacturer: ADATA
[    1.647262] usb 6-1: SerialNumber: 2410519450540005
[    1.921271] usb 4-2: New USB device found, idVendor=0b95, idProduct=1790, bcdDevice= 2.00
[    1.921274] usb 4-2: New USB device strings: Mfr=1, Product=2, SerialNumber=3
[    1.921276] usb 4-2: Product: AX88179A
[    1.921277] usb 4-2: Manufacturer: ASIX
[    1.921278] usb 4-2: SerialNumber: 000000000001C4
[    3.270796] hid: raw HID events driver (C) Jiri Kosina
[    3.275553] usbcore: registered new interface driver cdc_ether
[    3.276348] usbcore: registered new interface driver usbhid
[    3.276351] usbhid: USB HID core driver
[    3.278237] input: Apple Inc. iBridge as /devices/pci0000:00/0000:00:14.0/usb1/1-3/1-3:1.2/0003:05AC:8600.0001/input/input7
[    3.279293] [drm] amdgpu kernel modesetting enabled.
[    3.279439] amdgpu: Virtual CRAT table created for CPU
[    3.279449] amdgpu: Topology: Add CPU node
[    3.279582] [drm] initializing kernel modesetting (POLARIS11 0x1002:0x67EF 0x106B:0x0179 0xC0).
[    3.279594] [drm] register mmio base: 0x82600000
[    3.279595] [drm] register mmio size: 262144
[    3.279631] [drm] add ip block number 0 <vi_common>
[    3.279633] [drm] add ip block number 1 <gmc_v8_0>
[    3.279634] [drm] add ip block number 2 <tonga_ih>
[    3.279635] [drm] add ip block number 3 <gfx_v8_0>
[    3.279636] [drm] add ip block number 4 <sdma_v3_0>
[    3.279637] [drm] add ip block number 5 <powerplay>
[    3.279638] [drm] add ip block number 6 <dm>
[    3.279639] [drm] add ip block number 7 <uvd_v6_0>
[    3.279640] [drm] add ip block number 8 <vce_v3_0>
[    3.279669] amdgpu 0000:01:00.0: amdgpu: Fetched VBIOS from VFCT
[    3.279673] amdgpu: ATOM BIOS: 113-C9801AU-A02
[    3.279700] amdgpu 0000:01:00.0: firmware: direct-loading firmware amdgpu/polaris11_sdma.bin
[    3.279750] amdgpu 0000:01:00.0: firmware: direct-loading firmware amdgpu/polaris11_sdma1.bin
[    3.279789] [drm] UVD is enabled in VM mode
[    3.279790] [drm] UVD ENC is enabled in VM mode
[    3.279792] [drm] VCE enabled in VM mode
[    3.279908] Console: switching to colour dummy device 80x25
[    3.279996] amdgpu 0000:01:00.0: vgaarb: deactivate vga console
[    3.279998] amdgpu 0000:01:00.0: amdgpu: Trusted Memory Zone (TMZ) feature not supported
[    3.280020] [drm] vm size is 64 GB, 2 levels, block size is 10-bit, fragment size is 9-bit
[    3.280041] amdgpu 0000:01:00.0: firmware: direct-loading firmware amdgpu/polaris11_mc.bin
[    3.280139] amdgpu 0000:01:00.0: BAR 2 [mem 0xc0000000-0xc01fffff 64bit pref]: releasing
[    3.280141] amdgpu 0000:01:00.0: BAR 0 [mem 0xb0000000-0xbfffffff 64bit pref]: releasing
[    3.280146] amdgpu 0000:01:00.0: BAR 0 [mem 0xb0000000-0xbfffffff 64bit pref]: assigned
[    3.280158] amdgpu 0000:01:00.0: BAR 2 [mem 0xc0000000-0xc01fffff 64bit pref]: assigned
[    3.280172] amdgpu 0000:01:00.0: amdgpu: VRAM: 4096M 0x000000F400000000 - 0x000000F4FFFFFFFF (4096M used)
[    3.280174] amdgpu 0000:01:00.0: amdgpu: GART: 256M 0x000000FF00000000 - 0x000000FF0FFFFFFF
[    3.280181] [drm] Detected VRAM RAM=4096M, BAR=256M
[    3.280183] [drm] RAM width 128bits GDDR5
[    3.280254] [drm] amdgpu: 4096M of VRAM memory ready
[    3.280255] [drm] amdgpu: 7948M of GTT memory ready.
[    3.280271] [drm] GART: num cpu pages 65536, num gpu pages 65536
[    3.280844] [drm] PCIE GART of 256M enabled (table at 0x000000F401B00000).
[    3.281191] amdgpu 0000:01:00.0: firmware: direct-loading firmware amdgpu/polaris11_pfp_2.bin
[    3.281254] amdgpu 0000:01:00.0: firmware: direct-loading firmware amdgpu/polaris11_me_2.bin
[    3.281312] amdgpu 0000:01:00.0: firmware: direct-loading firmware amdgpu/polaris11_ce_2.bin
[    3.281340] [drm] Chained IB support enabled!
[    3.281353] amdgpu 0000:01:00.0: firmware: direct-loading firmware amdgpu/polaris11_rlc.bin
[    3.281466] amdgpu 0000:01:00.0: firmware: direct-loading firmware amdgpu/polaris11_mec_2.bin
[    3.282192] amdgpu 0000:01:00.0: firmware: direct-loading firmware amdgpu/polaris11_mec2_2.bin
[    3.283263] amdgpu: hwmgr_sw_init smu backed is polaris10_smu
[    3.283356] amdgpu 0000:01:00.0: firmware: direct-loading firmware amdgpu/polaris11_uvd.bin
[    3.283461] SCSI subsystem initialized
[    3.284425] [drm] Found UVD firmware Version: 1.130 Family ID: 16
[    3.285128] amdgpu 0000:01:00.0: firmware: direct-loading firmware amdgpu/polaris11_vce.bin
[    3.285541] [drm] Found VCE firmware Version: 53.26 Binary ID: 3
[    3.286104] amdgpu 0000:01:00.0: firmware: direct-loading firmware amdgpu/polaris11_smc.bin
[    3.286357] usbcore: registered new interface driver usb-storage
[    3.291912] scsi host0: uas
[    3.292008] usbcore: registered new interface driver uas
[    3.292263] scsi 0:0:0:0: Direct-Access     ADATA    UE800            1000 PQ: 0 ANSI: 6
[    3.297837] sd 0:0:0:0: [sda] 976773168 512-byte logical blocks: (500 GB/466 GiB)
[    3.297877] sd 0:0:0:0: [sda] Write Protect is off
[    3.297878] sd 0:0:0:0: [sda] Mode Sense: 43 00 00 00
[    3.297956] sd 0:0:0:0: [sda] Write cache: disabled, read cache: enabled, doesn't support DPO or FUA
[    3.298077] sd 0:0:0:0: [sda] Optimal transfer size 4194304 bytes
[    3.300200]  sda: sda1 sda2 sda3
[    3.300407] sd 0:0:0:0: [sda] Attached SCSI disk
[    3.337967] hid-generic 0003:05AC:8600.0001: input,hidraw0: USB HID v1.01 Keyboard [Apple Inc. iBridge] on usb-0000:00:14.0-3/input2
[    3.338465] hid-generic 0003:05AC:8600.0002: hiddev0,hidraw1: USB HID v1.01 Device [Apple Inc. iBridge] on usb-0000:00:14.0-3/input3
[    3.340528] hid-sensor-hub 0003:05AC:8600.0002: hiddev0,hidraw1: USB HID v1.01 Device [Apple Inc. iBridge] on usb-0000:00:14.0-3/input3
[    3.358915] [drm] Display Core v3.2.266 initialized on DCE 11.2
[    3.450716] [drm] UVD and UVD ENC initialized successfully.
[    3.480546] cdc_ncm 4-2:2.0: MAC-Address: 98:fc:84:e6:6d:6a
[    3.480549] cdc_ncm 4-2:2.0: setting rx_max = 16384
[    3.493561] cdc_ncm 4-2:2.0: setting tx_max = 16384
[    3.503651] cdc_ncm 4-2:2.0 eth0: register 'cdc_ncm' at usb-0000:07:00.0-2, CDC NCM (NO ZLP), 98:fc:84:e6:6d:6a
[    3.515338] usbcore: registered new interface driver cdc_ncm
[    3.560660] [drm] VCE initialized successfully.
[    3.562162] kfd kfd: amdgpu: Allocated 3969056 bytes on gart
[    3.562173] kfd kfd: amdgpu: Total number of KFD nodes to be created: 1
[    3.562255] amdgpu: Virtual CRAT table created for GPU
[    3.562322] amdgpu: Topology: Add dGPU node [0x67ef:0x1002]
[    3.562323] kfd kfd: amdgpu: added device 1002:67ef
[    3.562332] amdgpu 0000:01:00.0: amdgpu: SE 2, SH per SE 1, CU per SH 8, active_cu_number 16
[    3.565729] amdgpu 0000:01:00.0: amdgpu: [drm] Skipping amdgpu DM backlight registration
[    3.566092] [drm] Initialized amdgpu 3.57.0 20150101 for 0000:01:00.0 on minor 0
[    3.584334] fbcon: amdgpudrmfb (fb0) is primary device
[    4.239007] Console: switching to colour frame buffer device 180x56
[    4.254132] amdgpu 0000:01:00.0: [drm] fb0: amdgpudrmfb frame buffer device
[    4.431887] PM: Image not found (code -22)
[    4.610237] EXT4-fs (sda1): orphan cleanup on readonly fs
[    4.610656] EXT4-fs (sda1): mounted filesystem e7b9af3e-e0a4-42a6-8662-5190b7a6ebdf ro with ordered data mode. Quota mode: none.
[    4.693493] Not activating Mandatory Access Control as /sbin/tomoyo-init does not exist.
[    4.761766] systemd[1]: Inserted module 'autofs4'
[    5.315733] systemd[1]: systemd 255.5-1 running in system mode (+PAM +AUDIT +SELINUX +APPARMOR +IMA +SMACK +SECCOMP +GCRYPT -GNUTLS +OPENSSL +ACL +BLKID +CURL +ELFUTILS +FIDO2 +IDN2 -IDN +IPTC +KMOD +LIBCRYPTSETUP +LIBFDISK +PCRE2 +PWQUALITY +P11KIT +QRENCODE +TPM2 +BZIP2 +LZ4 +XZ +ZLIB +ZSTD -BPF_FRAMEWORK -XKBCOMMON +UTMP +SYSVINIT default-hierarchy=unified)
[    5.315753] systemd[1]: Detected architecture x86-64.
[    5.316482] systemd[1]: Hostname set to <iPhoneXS>.
[    5.520425] systemd[1]: Queued start job for default target graphical.target.
[    5.547839] systemd[1]: Created slice system-getty.slice - Slice /system/getty.
[    5.548262] systemd[1]: Created slice system-modprobe.slice - Slice /system/modprobe.
[    5.548608] systemd[1]: Created slice system-systemd\x2dfsck.slice - Slice /system/systemd-fsck.
[    5.548892] systemd[1]: Created slice user.slice - User and Session Slice.
[    5.548953] systemd[1]: Started systemd-ask-password-wall.path - Forward Password Requests to Wall Directory Watch.
[    5.549122] systemd[1]: Set up automount proc-sys-fs-binfmt_misc.automount - Arbitrary Executable File Formats File System Automount Point.
[    5.549143] systemd[1]: Expecting device dev-disk-by\x2duuid-5F66\x2d17ED.device - /dev/disk/by-uuid/5F66-17ED...
[    5.549149] systemd[1]: Expecting device dev-disk-by\x2duuid-7d016287\x2dd2e5\x2d439c\x2dbd4d\x2da91d7559f9b5.device - /dev/disk/by-uuid/7d016287-d2e5-439c-bd4d-a91d7559f9b5...
[    5.549155] systemd[1]: Expecting device dev-disk-by\x2duuid-a9aac57b\x2d4283\x2d4296\x2d9dec\x2daa17e42209ae.device - /dev/disk/by-uuid/a9aac57b-4283-4296-9dec-aa17e42209ae...
[    5.549171] systemd[1]: Reached target integritysetup.target - Local Integrity Protected Volumes.
[    5.549190] systemd[1]: Reached target nss-user-lookup.target - User and Group Name Lookups.
[    5.549205] systemd[1]: Reached target slices.target - Slice Units.
[    5.549217] systemd[1]: Reached target stunnel.target - TLS tunnels for network services - per-config-file target.
[    5.549237] systemd[1]: Reached target veritysetup.target - Local Verity Protected Volumes.
[    5.549304] systemd[1]: Listening on dm-event.socket - Device-mapper event daemon FIFOs.
[    5.549419] systemd[1]: Listening on lvm2-lvmpolld.socket - LVM2 poll daemon socket.
[    5.549522] systemd[1]: Listening on syslog.socket - Syslog Socket.
[    5.549606] systemd[1]: Listening on systemd-fsckd.socket - fsck to fsckd communication Socket.
[    5.549655] systemd[1]: Listening on systemd-initctl.socket - initctl Compatibility Named Pipe.
[    5.549763] systemd[1]: Listening on systemd-journald-dev-log.socket - Journal Socket (/dev/log).
[    5.549875] systemd[1]: Listening on systemd-journald.socket - Journal Socket.
[    5.549906] systemd[1]: systemd-pcrextend.socket - TPM2 PCR Extension (Varlink) was skipped because of an unmet condition check (ConditionSecurity=measured-uki).
[    5.550212] systemd[1]: Listening on systemd-udevd-control.socket - udev Control Socket.
[    5.550311] systemd[1]: Listening on systemd-udevd-kernel.socket - udev Kernel Socket.
[    5.551300] systemd[1]: Mounting dev-hugepages.mount - Huge Pages File System...
[    5.552030] systemd[1]: Mounting dev-mqueue.mount - POSIX Message Queue File System...
[    5.552744] systemd[1]: Mounting sys-kernel-debug.mount - Kernel Debug File System...
[    5.553428] systemd[1]: Mounting sys-kernel-tracing.mount - Kernel Trace File System...
[    5.553504] systemd[1]: auth-rpcgss-module.service - Kernel Module supporting RPCSEC_GSS was skipped because of an unmet condition check (ConditionPathExists=/etc/krb5.keytab).
[    5.554820] systemd[1]: Starting keyboard-setup.service - Set the console keyboard layout...
[    5.555964] systemd[1]: Starting kmod-static-nodes.service - Create List of Static Device Nodes...
[    5.556939] systemd[1]: Starting modprobe@configfs.service - Load Kernel Module configfs...
[    5.559879] systemd[1]: Starting modprobe@dm_mod.service - Load Kernel Module dm_mod...
[    5.560985] systemd[1]: Starting modprobe@drm.service - Load Kernel Module drm...
[    5.561985] systemd[1]: Starting modprobe@efi_pstore.service - Load Kernel Module efi_pstore...
[    5.563047] systemd[1]: Starting modprobe@fuse.service - Load Kernel Module fuse...
[    5.565544] systemd[1]: Starting modprobe@loop.service - Load Kernel Module loop...
[    5.565720] systemd[1]: systemd-fsck-root.service - File System Check on Root Device was skipped because of an unmet condition check (ConditionPathExists=!/run/initramfs/fsck-root).
[    5.567990] systemd[1]: Starting systemd-journald.service - Journal Service...
[    5.570823] systemd[1]: Starting systemd-modules-load.service - Load Kernel Modules...
[    5.570853] systemd[1]: systemd-pcrmachine.service - TPM2 PCR Machine ID Measurement was skipped because of an unmet condition check (ConditionSecurity=measured-uki).
[    5.573352] pstore: Using crash dump compression: deflate
[    5.573607] systemd[1]: Starting systemd-remount-fs.service - Remount Root and Kernel File Systems...
[    5.573693] systemd[1]: systemd-tpm2-setup-early.service - TPM2 SRK Setup (Early) was skipped because of an unmet condition check (ConditionSecurity=measured-uki).
[    5.574548] systemd[1]: Starting systemd-udev-trigger.service - Coldplug All udev Devices...
[    5.576679] systemd[1]: Mounted dev-hugepages.mount - Huge Pages File System.
[    5.576815] systemd[1]: Mounted dev-mqueue.mount - POSIX Message Queue File System.
[    5.576928] systemd[1]: Mounted sys-kernel-debug.mount - Kernel Debug File System.
[    5.577043] systemd[1]: Mounted sys-kernel-tracing.mount - Kernel Trace File System.
[    5.577314] systemd[1]: Finished keyboard-setup.service - Set the console keyboard layout.
[    5.577657] systemd[1]: Finished kmod-static-nodes.service - Create List of Static Device Nodes.
[    5.578043] systemd[1]: modprobe@configfs.service: Deactivated successfully.
[    5.578198] systemd[1]: Finished modprobe@configfs.service - Load Kernel Module configfs.
[    5.578553] systemd[1]: modprobe@drm.service: Deactivated successfully.
[    5.578743] systemd[1]: Finished modprobe@drm.service - Load Kernel Module drm.
[    5.579070] systemd[1]: modprobe@fuse.service: Deactivated successfully.
[    5.579235] systemd[1]: Finished modprobe@fuse.service - Load Kernel Module fuse.
[    5.580334] loop: module loaded
[    5.582079] systemd[1]: Mounting sys-fs-fuse-connections.mount - FUSE Control File System...
[    5.583127] systemd[1]: Mounting sys-kernel-config.mount - Kernel Configuration File System...
[    5.584923] systemd[1]: Starting systemd-tmpfiles-setup-dev-early.service - Create Static Device Nodes in /dev gracefully...
[    5.585338] systemd[1]: modprobe@loop.service: Deactivated successfully.
[    5.585522] systemd[1]: Finished modprobe@loop.service - Load Kernel Module loop.
[    5.590925] systemd[1]: Mounted sys-fs-fuse-connections.mount - FUSE Control File System.
[    5.591513] device-mapper: core: CONFIG_IMA_DISABLE_HTABLE is disabled. Duplicate IMA measurements will not be recorded in the IMA log.
[    5.591547] device-mapper: uevent: version 1.0.3
[    5.591785] device-mapper: ioctl: 4.48.0-ioctl (2023-03-01) initialised: dm-devel@redhat.com
[    5.592555] systemd[1]: modprobe@dm_mod.service: Deactivated successfully.
[    5.592759] systemd[1]: Finished modprobe@dm_mod.service - Load Kernel Module dm_mod.
[    5.593225] systemd-journald[428]: Collecting audit messages is disabled.
[    5.593657] systemd[1]: Mounted sys-kernel-config.mount - Kernel Configuration File System.
[    5.593809] systemd[1]: systemd-repart.service - Repartition Root Disk was skipped because no trigger condition checks were met.
[    5.602287] EXT4-fs (sda1): re-mounted e7b9af3e-e0a4-42a6-8662-5190b7a6ebdf r/w. Quota mode: none.
[    5.603644] systemd[1]: Finished systemd-remount-fs.service - Remount Root and Kernel File Systems.
[    5.604645] systemd[1]: systemd-hwdb-update.service - Rebuild Hardware Database was skipped because of an unmet condition check (ConditionNeedsUpdate=/etc).
[    5.605686] systemd[1]: Starting systemd-random-seed.service - Load/Save OS Random Seed...
[    5.605765] systemd[1]: systemd-tpm2-setup.service - TPM2 SRK Setup was skipped because of an unmet condition check (ConditionSecurity=measured-uki).
[    5.607102] systemd[1]: Finished systemd-modules-load.service - Load Kernel Modules.
[    5.609138] systemd[1]: Starting systemd-sysctl.service - Apply Kernel Variables...
[    5.615326] systemd[1]: Finished systemd-tmpfiles-setup-dev-early.service - Create Static Device Nodes in /dev gracefully.
[    5.615456] systemd[1]: systemd-sysusers.service - Create System Users was skipped because no trigger condition checks were met.
[    5.616274] systemd[1]: Starting systemd-tmpfiles-setup-dev.service - Create Static Device Nodes in /dev...
[    5.621926] systemd[1]: Finished systemd-random-seed.service - Load/Save OS Random Seed.
[    5.626253] systemd[1]: Finished systemd-sysctl.service - Apply Kernel Variables.
[    5.634488] systemd[1]: Finished systemd-tmpfiles-setup-dev.service - Create Static Device Nodes in /dev.
[    5.634587] systemd[1]: Reached target local-fs-pre.target - Preparation for Local File Systems.
[    5.635656] systemd[1]: Starting systemd-udevd.service - Rule-based Manager for Device Events and Files...
[    5.730195] systemd[1]: Started systemd-udevd.service - Rule-based Manager for Device Events and Files.
[    5.743785] systemd[1]: Started systemd-journald.service - Journal Service.
[    5.785450] systemd-journald[428]: Received client request to flush runtime journal.
[    5.804737] systemd-journald[428]: /var/log/journal/b69b111a0be445a4bd02e9f4bc9f9bf0/system.journal: Journal file uses a different sequence number ID, rotating.
[    5.804744] systemd-journald[428]: Rotating system journal.
[    5.882191] pstore: Registered efi_pstore as persistent store backend
[    5.891835] ACPI: AC: AC Adapter [ADP1] (on-line)
[    5.911109] smbus_hc ACPI0001:00: SBS HC: offset = 0x20, query_bit = 0x10
[    5.950483] apple_gmux: Found gmux version 4.0.29 [indexed]
[    6.038488] alg: No test for fips(ansi_cprng) (fips_ansi_cprng)
[    6.053128] input: PC Speaker as /devices/platform/pcspkr/input/input8
[    6.191611] iTCO_vendor_support: vendor-support=0
[    6.192564] cfg80211: Loading compiled-in X.509 certificates for regulatory database
[    6.192755] Loaded X.509 cert 'benh@debian.org: 577e021cb980e0e820821ba7b54b4961b8b4fadf'
[    6.192888] Loaded X.509 cert 'romain.perier@gmail.com: 3abbc6ec146e09d1b6016ab9d6cf71dd233f0328'
[    6.193018] Loaded X.509 cert 'sforshee: 00b28ddf47aef9cea7'
[    6.193146] Loaded X.509 cert 'wens: 61c038651aabdcf94bd0ac7ff06c7248db18c600'
[    6.196516] iTCO_wdt iTCO_wdt: unable to reset NO_REBOOT flag, device disabled by hardware/BIOS
[    6.196826] RAPL PMU: API unit is 2^-32 Joules, 4 fixed counters, 655360 ms ovfl timer
[    6.196829] RAPL PMU: hw unit of domain pp0-core 2^-14 Joules
[    6.196830] RAPL PMU: hw unit of domain package 2^-14 Joules
[    6.196832] RAPL PMU: hw unit of domain dram 2^-14 Joules
[    6.196833] RAPL PMU: hw unit of domain pp1-gpu 2^-14 Joules
[    6.197307] platform regulatory.0: firmware: direct-loading firmware regulatory.db
[    6.197810] platform regulatory.0: firmware: direct-loading firmware regulatory.db.p7s
[    6.227275] ACPI: Smart Battery System [SBS0]: Battery Slot [BAT0] (battery present)
[    6.231713] snd_hda_intel 0000:01:00.1: enabling device (0000 -> 0002)
[    6.231832] snd_hda_intel 0000:01:00.1: Handle vga_switcheroo audio client
[    6.231835] snd_hda_intel 0000:01:00.1: Force to non-snoop mode
[    6.236952] applesmc: key=911 fan=2 temp=46 index=45 acc=0 lux=0 kbd=0
[    6.237063] applesmc applesmc.768: hwmon_device_register() is deprecated. Please convert the driver to use hwmon_device_register_with_info().
[    6.247680] usbcore: registered new interface driver brcmfmac
[    6.253409] snd_hda_intel 0000:01:00.1: bound 0000:01:00.0 (ops amdgpu_dm_audio_component_bind_ops [amdgpu])
[    6.256422] input: HDA ATI HDMI HDMI/DP,pcm=3 as /devices/pci0000:00/0000:00:01.0/0000:01:00.1/sound/card1/input9
[    6.256482] input: HDA ATI HDMI HDMI/DP,pcm=7 as /devices/pci0000:00/0000:00:01.0/0000:01:00.1/sound/card1/input10
[    6.256538] input: HDA ATI HDMI HDMI/DP,pcm=8 as /devices/pci0000:00/0000:00:01.0/0000:01:00.1/sound/card1/input11
[    6.256598] input: HDA ATI HDMI HDMI/DP,pcm=9 as /devices/pci0000:00/0000:00:01.0/0000:01:00.1/sound/card1/input12
[    6.256656] input: HDA ATI HDMI HDMI/DP,pcm=10 as /devices/pci0000:00/0000:00:01.0/0000:01:00.1/sound/card1/input13
